<!doctype html public "-//w3c//dtd html 4.0 transitional//en">
<html><head>
<title>Static Call Graph - [.\STM32F10X_XL\STM32F10X_XL.axf]</title></head>
<body><HR>
<H1>Static Call Graph for image .\STM32F10X_XL\STM32F10X_XL.axf</H1><HR>
<BR><P>#&#060CALLGRAPH&#062# ARM Linker, RVCT4.0 [Build 728]: Last Updated: Fri Nov 26 00:47:00 2010
<BR><P>
<H3>Maximum Stack Usage =          0 bytes + Unknown(Cycles, Untraceable Function Pointers)</H3><H3>
Call chain for Maximum Stack Depth:</H3>

<P>
<H3>
Mutually Recursive functions
</H3> <LI><a href="#[1b2e738]">ADC1_2_IRQHandler</a>&nbsp;&nbsp;&nbsp;&rArr;&nbsp;&nbsp;&nbsp;<a href="#[1b2e738]">ADC1_2_IRQHandler</a><BR>
 <LI><a href="#[1b3a27c]">BusFault_Handler</a>&nbsp;&nbsp;&nbsp;&rArr;&nbsp;&nbsp;&nbsp;<a href="#[1b3a27c]">BusFault_Handler</a><BR>
 <LI><a href="#[1b3a18c]">HardFault_Handler</a>&nbsp;&nbsp;&nbsp;&rArr;&nbsp;&nbsp;&nbsp;<a href="#[1b3a18c]">HardFault_Handler</a><BR>
 <LI><a href="#[1b3a150]">MemManage_Handler</a>&nbsp;&nbsp;&nbsp;&rArr;&nbsp;&nbsp;&nbsp;<a href="#[1b3a150]">MemManage_Handler</a><BR>
 <LI><a href="#[1b39fac]">UsageFault_Handler</a>&nbsp;&nbsp;&nbsp;&rArr;&nbsp;&nbsp;&nbsp;<a href="#[1b39fac]">UsageFault_Handler</a><BR>
</UL>
<P>
<H3>
Function Pointers
</H3><UL>
 <LI><a href="#[1b2e990]">Reset_Handler</a>
 <LI><a href="#[1b3a114]">NMI_Handler</a>
 <LI><a href="#[1b3a18c]">HardFault_Handler</a>
 <LI><a href="#[1b3a150]">MemManage_Handler</a>
 <LI><a href="#[1b3a27c]">BusFault_Handler</a>
 <LI><a href="#[1b39fac]">UsageFault_Handler</a>
 <LI><a href="#[1b3a09c]">SVC_Handler</a>
 <LI><a href="#[1b3a240]">DebugMon_Handler</a>
 <LI><a href="#[1b3a0d8]">PendSV_Handler</a>
 <LI><a href="#[1b3a060]">SysTick_Handler</a>
 <LI><a href="#[1b953c4]">WWDG_IRQHandler</a>
 <LI><a href="#[1b2e0a8]">PVD_IRQHandler</a>
 <LI><a href="#[1b95928]">TAMPER_IRQHandler</a>
 <LI><a href="#[1b95a54]">RTC_IRQHandler</a>
 <LI><a href="#[1b2e210]">FLASH_IRQHandler</a>
 <LI><a href="#[1b2e06c]">RCC_IRQHandler</a>
 <LI><a href="#[1b2e3b4]">EXTI0_IRQHandler</a>
 <LI><a href="#[1b2e33c]">EXTI1_IRQHandler</a>
 <LI><a href="#[1b3a204]">EXTI2_IRQHandler</a>
 <LI><a href="#[1b3a1c8]">EXTI3_IRQHandler</a>
 <LI><a href="#[1b2e288]">EXTI4_IRQHandler</a>
 <LI><a href="#[1b2e648]">DMA1_Channel1_IRQHandler</a>
 <LI><a href="#[1b2e60c]">DMA1_Channel2_IRQHandler</a>
 <LI><a href="#[1b2e5d0]">DMA1_Channel3_IRQHandler</a>
 <LI><a href="#[1b2e594]">DMA1_Channel4_IRQHandler</a>
 <LI><a href="#[1b2e558]">DMA1_Channel5_IRQHandler</a>
 <LI><a href="#[1b2e51c]">DMA1_Channel6_IRQHandler</a>
 <LI><a href="#[1b2e4e0]">DMA1_Channel7_IRQHandler</a>
 <LI><a href="#[1b2e738]">ADC1_2_IRQHandler</a>
 <LI><a href="#[1b9543c]">USB_HP_CAN1_TX_IRQHandler</a>
 <LI><a href="#[1b95400]">USB_LP_CAN1_RX0_IRQHandler</a>
 <LI><a href="#[1b2e6c0]">CAN1_RX1_IRQHandler</a>
 <LI><a href="#[1b2e684]">CAN1_SCE_IRQHandler</a>
 <LI><a href="#[1b2e24c]">EXTI9_5_IRQHandler</a>
 <LI><a href="#[1b958ec]">TIM1_BRK_TIM9_IRQHandler</a>
 <LI><a href="#[1b95838]">TIM1_UP_TIM10_IRQHandler</a>
 <LI><a href="#[1b95874]">TIM1_TRG_COM_TIM11_IRQHandler</a>
 <LI><a href="#[1b958b0]">TIM1_CC_IRQHandler</a>
 <LI><a href="#[1b3a024]">TIM2_IRQHandler</a>
 <LI><a href="#[1b957c0]">TIM3_IRQHandler</a>
 <LI><a href="#[1b95784]">TIM4_IRQHandler</a>
 <LI><a href="#[1b2e15c]">I2C1_EV_IRQHandler</a>
 <LI><a href="#[1b2e198]">I2C1_ER_IRQHandler</a>
 <LI><a href="#[1b2e0e4]">I2C2_EV_IRQHandler</a>
 <LI><a href="#[1b2e120]">I2C2_ER_IRQHandler</a>
 <LI><a href="#[1b959dc]">SPI1_IRQHandler</a>
 <LI><a href="#[1b959a0]">SPI2_IRQHandler</a>
 <LI><a href="#[1b9552c]">USART1_IRQHandler</a>
 <LI><a href="#[1b954f0]">USART2_IRQHandler</a>
 <LI><a href="#[1b954b4]">USART3_IRQHandler</a>
 <LI><a href="#[1b2e378]">EXTI15_10_IRQHandler</a>
 <LI><a href="#[1b2e030]">RTCAlarm_IRQHandler</a>
 <LI><a href="#[1b95478]">USBWakeUp_IRQHandler</a>
 <LI><a href="#[1b95694]">TIM8_BRK_TIM12_IRQHandler</a>
 <LI><a href="#[1b955e0]">TIM8_UP_TIM13_IRQHandler</a>
 <LI><a href="#[1b9561c]">TIM8_TRG_COM_TIM14_IRQHandler</a>
 <LI><a href="#[1b95658]">TIM8_CC_IRQHandler</a>
 <LI><a href="#[1b2e6fc]">ADC3_IRQHandler</a>
 <LI><a href="#[1b2e1d4]">FSMC_IRQHandler</a>
 <LI><a href="#[1b95a18]">SDIO_IRQHandler</a>
 <LI><a href="#[1b95748]">TIM5_IRQHandler</a>
 <LI><a href="#[1b95964]">SPI3_IRQHandler</a>
 <LI><a href="#[1b955a4]">UART4_IRQHandler</a>
 <LI><a href="#[1b95568]">UART5_IRQHandler</a>
 <LI><a href="#[1b39fe8]">TIM6_IRQHandler</a>
 <LI><a href="#[1b956d0]">TIM7_IRQHandler</a>
 <LI><a href="#[1b2e4a4]">DMA2_Channel1_IRQHandler</a>
 <LI><a href="#[1b2e468]">DMA2_Channel2_IRQHandler</a>
 <LI><a href="#[1b2e42c]">DMA2_Channel3_IRQHandler</a>
 <LI><a href="#[1b2e3f0]">DMA2_Channel4_5_IRQHandler</a>
 <LI><a href="#[1b3b62c]">main</a>
 <LI><a href="#[1b2ec9c]">SystemInit</a>
 <LI><a href="#[1b95298]">__main</a>
 <LI><a href="#[1b3982c]">fputc</a>
</UL>
<P>
<H3>
Global Symbols
</H3>
<P><STRONG><a name="[1b95298]"></a>__main</STRONG> (Thumb, 0 bytes, Stack size 0 bytes, entry.o(.ARM.Collect$$$$00000000))
<BR>[Address Reference Count : 1]<UL><LI> startup_stm32f10x_xl.o(.text)
</UL>
<P><STRONG><a name="[1b8d2a0]"></a>_main_scatterload</STRONG> (Thumb, 0 bytes, Stack size 0 bytes, entry5.o(.ARM.Collect$$$$00000004))
<BR><BR>[Calls]<UL><LI><a href="#[1b8c904]">&gt;&gt;</a>&nbsp;&nbsp;&nbsp;__scatterload
</UL>

<P><STRONG><a name="[1b8d264]"></a>__main_after_scatterload</STRONG> (Thumb, 0 bytes, Stack size 0 bytes, entry5.o(.ARM.Collect$$$$00000004))
<BR><BR>[Called By]<UL><LI><a href="#[1b8c904]">&gt;&gt;</a>&nbsp;&nbsp;&nbsp;__scatterload
</UL>

<P><STRONG><a name="[1b2e990]"></a>Reset_Handler</STRONG> (Thumb, 8 bytes, Stack size 0 bytes, startup_stm32f10x_xl.o(.text))
<BR>[Address Reference Count : 1]<UL><LI> startup_stm32f10x_xl.o(RESET)
</UL>
<P><STRONG><a name="[1b2e738]"></a>ADC1_2_IRQHandler</STRONG> (Thumb, 0 bytes, Stack size 0 bytes, startup_stm32f10x_xl.o(.text))
<BR><BR>[Calls]<UL><LI><a href="#[1b2e738]">&gt;&gt;</a>&nbsp;&nbsp;&nbsp;ADC1_2_IRQHandler
</UL>
<BR>[Called By]<UL><LI><a href="#[1b2e738]">&gt;&gt;</a>&nbsp;&nbsp;&nbsp;ADC1_2_IRQHandler
</UL>
<BR>[Address Reference Count : 1]<UL><LI> startup_stm32f10x_xl.o(RESET)
</UL>
<P><STRONG><a name="[1b2e6fc]"></a>ADC3_IRQHandler</STRONG> (Thumb, 0 bytes, Stack size 0 bytes, startup_stm32f10x_xl.o(.text))
<BR>[Address Reference Count : 1]<UL><LI> startup_stm32f10x_xl.o(RESET)
</UL>
<P><STRONG><a name="[1b2e6c0]"></a>CAN1_RX1_IRQHandler</STRONG> (Thumb, 0 bytes, Stack size 0 bytes, startup_stm32f10x_xl.o(.text))
<BR>[Address Reference Count : 1]<UL><LI> startup_stm32f10x_xl.o(RESET)
</UL>
<P><STRONG><a name="[1b2e684]"></a>CAN1_SCE_IRQHandler</STRONG> (Thumb, 0 bytes, Stack size 0 bytes, startup_stm32f10x_xl.o(.text))
<BR>[Address Reference Count : 1]<UL><LI> startup_stm32f10x_xl.o(RESET)
</UL>
<P><STRONG><a name="[1b2e648]"></a>DMA1_Channel1_IRQHandler</STRONG> (Thumb, 0 bytes, Stack size 0 bytes, startup_stm32f10x_xl.o(.text))
<BR>[Address Reference Count : 1]<UL><LI> startup_stm32f10x_xl.o(RESET)
</UL>
<P><STRONG><a name="[1b2e60c]"></a>DMA1_Channel2_IRQHandler</STRONG> (Thumb, 0 bytes, Stack size 0 bytes, startup_stm32f10x_xl.o(.text))
<BR>[Address Reference Count : 1]<UL><LI> startup_stm32f10x_xl.o(RESET)
</UL>
<P><STRONG><a name="[1b2e5d0]"></a>DMA1_Channel3_IRQHandler</STRONG> (Thumb, 0 bytes, Stack size 0 bytes, startup_stm32f10x_xl.o(.text))
<BR>[Address Reference Count : 1]<UL><LI> startup_stm32f10x_xl.o(RESET)
</UL>
<P><STRONG><a name="[1b2e594]"></a>DMA1_Channel4_IRQHandler</STRONG> (Thumb, 0 bytes, Stack size 0 bytes, startup_stm32f10x_xl.o(.text))
<BR>[Address Reference Count : 1]<UL><LI> startup_stm32f10x_xl.o(RESET)
</UL>
<P><STRONG><a name="[1b2e558]"></a>DMA1_Channel5_IRQHandler</STRONG> (Thumb, 0 bytes, Stack size 0 bytes, startup_stm32f10x_xl.o(.text))
<BR>[Address Reference Count : 1]<UL><LI> startup_stm32f10x_xl.o(RESET)
</UL>
<P><STRONG><a name="[1b2e51c]"></a>DMA1_Channel6_IRQHandler</STRONG> (Thumb, 0 bytes, Stack size 0 bytes, startup_stm32f10x_xl.o(.text))
<BR>[Address Reference Count : 1]<UL><LI> startup_stm32f10x_xl.o(RESET)
</UL>
<P><STRONG><a name="[1b2e4e0]"></a>DMA1_Channel7_IRQHandler</STRONG> (Thumb, 0 bytes, Stack size 0 bytes, startup_stm32f10x_xl.o(.text))
<BR>[Address Reference Count : 1]<UL><LI> startup_stm32f10x_xl.o(RESET)
</UL>
<P><STRONG><a name="[1b2e4a4]"></a>DMA2_Channel1_IRQHandler</STRONG> (Thumb, 0 bytes, Stack size 0 bytes, startup_stm32f10x_xl.o(.text))
<BR>[Address Reference Count : 1]<UL><LI> startup_stm32f10x_xl.o(RESET)
</UL>
<P><STRONG><a name="[1b2e468]"></a>DMA2_Channel2_IRQHandler</STRONG> (Thumb, 0 bytes, Stack size 0 bytes, startup_stm32f10x_xl.o(.text))
<BR>[Address Reference Count : 1]<UL><LI> startup_stm32f10x_xl.o(RESET)
</UL>
<P><STRONG><a name="[1b2e42c]"></a>DMA2_Channel3_IRQHandler</STRONG> (Thumb, 0 bytes, Stack size 0 bytes, startup_stm32f10x_xl.o(.text))
<BR>[Address Reference Count : 1]<UL><LI> startup_stm32f10x_xl.o(RESET)
</UL>
<P><STRONG><a name="[1b2e3f0]"></a>DMA2_Channel4_5_IRQHandler</STRONG> (Thumb, 0 bytes, Stack size 0 bytes, startup_stm32f10x_xl.o(.text))
<BR>[Address Reference Count : 1]<UL><LI> startup_stm32f10x_xl.o(RESET)
</UL>
<P><STRONG><a name="[1b2e3b4]"></a>EXTI0_IRQHandler</STRONG> (Thumb, 0 bytes, Stack size 0 bytes, startup_stm32f10x_xl.o(.text))
<BR>[Address Reference Count : 1]<UL><LI> startup_stm32f10x_xl.o(RESET)
</UL>
<P><STRONG><a name="[1b2e378]"></a>EXTI15_10_IRQHandler</STRONG> (Thumb, 0 bytes, Stack size 0 bytes, startup_stm32f10x_xl.o(.text))
<BR>[Address Reference Count : 1]<UL><LI> startup_stm32f10x_xl.o(RESET)
</UL>
<P><STRONG><a name="[1b2e33c]"></a>EXTI1_IRQHandler</STRONG> (Thumb, 0 bytes, Stack size 0 bytes, startup_stm32f10x_xl.o(.text))
<BR>[Address Reference Count : 1]<UL><LI> startup_stm32f10x_xl.o(RESET)
</UL>
<P><STRONG><a name="[1b2e288]"></a>EXTI4_IRQHandler</STRONG> (Thumb, 0 bytes, Stack size 0 bytes, startup_stm32f10x_xl.o(.text))
<BR>[Address Reference Count : 1]<UL><LI> startup_stm32f10x_xl.o(RESET)
</UL>
<P><STRONG><a name="[1b2e24c]"></a>EXTI9_5_IRQHandler</STRONG> (Thumb, 0 bytes, Stack size 0 bytes, startup_stm32f10x_xl.o(.text))
<BR>[Address Reference Count : 1]<UL><LI> startup_stm32f10x_xl.o(RESET)
</UL>
<P><STRONG><a name="[1b2e210]"></a>FLASH_IRQHandler</STRONG> (Thumb, 0 bytes, Stack size 0 bytes, startup_stm32f10x_xl.o(.text))
<BR>[Address Reference Count : 1]<UL><LI> startup_stm32f10x_xl.o(RESET)
</UL>
<P><STRONG><a name="[1b2e1d4]"></a>FSMC_IRQHandler</STRONG> (Thumb, 0 bytes, Stack size 0 bytes, startup_stm32f10x_xl.o(.text))
<BR>[Address Reference Count : 1]<UL><LI> startup_stm32f10x_xl.o(RESET)
</UL>
<P><STRONG><a name="[1b2e198]"></a>I2C1_ER_IRQHandler</STRONG> (Thumb, 0 bytes, Stack size 0 bytes, startup_stm32f10x_xl.o(.text))
<BR>[Address Reference Count : 1]<UL><LI> startup_stm32f10x_xl.o(RESET)
</UL>
<P><STRONG><a name="[1b2e15c]"></a>I2C1_EV_IRQHandler</STRONG> (Thumb, 0 bytes, Stack size 0 bytes, startup_stm32f10x_xl.o(.text))
<BR>[Address Reference Count : 1]<UL><LI> startup_stm32f10x_xl.o(RESET)
</UL>
<P><STRONG><a name="[1b2e120]"></a>I2C2_ER_IRQHandler</STRONG> (Thumb, 0 bytes, Stack size 0 bytes, startup_stm32f10x_xl.o(.text))
<BR>[Address Reference Count : 1]<UL><LI> startup_stm32f10x_xl.o(RESET)
</UL>
<P><STRONG><a name="[1b2e0e4]"></a>I2C2_EV_IRQHandler</STRONG> (Thumb, 0 bytes, Stack size 0 bytes, startup_stm32f10x_xl.o(.text))
<BR>[Address Reference Count : 1]<UL><LI> startup_stm32f10x_xl.o(RESET)
</UL>
<P><STRONG><a name="[1b2e0a8]"></a>PVD_IRQHandler</STRONG> (Thumb, 0 bytes, Stack size 0 bytes, startup_stm32f10x_xl.o(.text))
<BR>[Address Reference Count : 1]<UL><LI> startup_stm32f10x_xl.o(RESET)
</UL>
<P><STRONG><a name="[1b2e06c]"></a>RCC_IRQHandler</STRONG> (Thumb, 0 bytes, Stack size 0 bytes, startup_stm32f10x_xl.o(.text))
<BR>[Address Reference Count : 1]<UL><LI> startup_stm32f10x_xl.o(RESET)
</UL>
<P><STRONG><a name="[1b2e030]"></a>RTCAlarm_IRQHandler</STRONG> (Thumb, 0 bytes, Stack size 0 bytes, startup_stm32f10x_xl.o(.text))
<BR>[Address Reference Count : 1]<UL><LI> startup_stm32f10x_xl.o(RESET)
</UL>
<P><STRONG><a name="[1b95a54]"></a>RTC_IRQHandler</STRONG> (Thumb, 0 bytes, Stack size 0 bytes, startup_stm32f10x_xl.o(.text))
<BR>[Address Reference Count : 1]<UL><LI> startup_stm32f10x_xl.o(RESET)
</UL>
<P><STRONG><a name="[1b95a18]"></a>SDIO_IRQHandler</STRONG> (Thumb, 0 bytes, Stack size 0 bytes, startup_stm32f10x_xl.o(.text))
<BR>[Address Reference Count : 1]<UL><LI> startup_stm32f10x_xl.o(RESET)
</UL>
<P><STRONG><a name="[1b959dc]"></a>SPI1_IRQHandler</STRONG> (Thumb, 0 bytes, Stack size 0 bytes, startup_stm32f10x_xl.o(.text))
<BR>[Address Reference Count : 1]<UL><LI> startup_stm32f10x_xl.o(RESET)
</UL>
<P><STRONG><a name="[1b959a0]"></a>SPI2_IRQHandler</STRONG> (Thumb, 0 bytes, Stack size 0 bytes, startup_stm32f10x_xl.o(.text))
<BR>[Address Reference Count : 1]<UL><LI> startup_stm32f10x_xl.o(RESET)
</UL>
<P><STRONG><a name="[1b95964]"></a>SPI3_IRQHandler</STRONG> (Thumb, 0 bytes, Stack size 0 bytes, startup_stm32f10x_xl.o(.text))
<BR>[Address Reference Count : 1]<UL><LI> startup_stm32f10x_xl.o(RESET)
</UL>
<P><STRONG><a name="[1b95928]"></a>TAMPER_IRQHandler</STRONG> (Thumb, 0 bytes, Stack size 0 bytes, startup_stm32f10x_xl.o(.text))
<BR>[Address Reference Count : 1]<UL><LI> startup_stm32f10x_xl.o(RESET)
</UL>
<P><STRONG><a name="[1b958ec]"></a>TIM1_BRK_TIM9_IRQHandler</STRONG> (Thumb, 0 bytes, Stack size 0 bytes, startup_stm32f10x_xl.o(.text))
<BR>[Address Reference Count : 1]<UL><LI> startup_stm32f10x_xl.o(RESET)
</UL>
<P><STRONG><a name="[1b958b0]"></a>TIM1_CC_IRQHandler</STRONG> (Thumb, 0 bytes, Stack size 0 bytes, startup_stm32f10x_xl.o(.text))
<BR>[Address Reference Count : 1]<UL><LI> startup_stm32f10x_xl.o(RESET)
</UL>
<P><STRONG><a name="[1b95874]"></a>TIM1_TRG_COM_TIM11_IRQHandler</STRONG> (Thumb, 0 bytes, Stack size 0 bytes, startup_stm32f10x_xl.o(.text))
<BR>[Address Reference Count : 1]<UL><LI> startup_stm32f10x_xl.o(RESET)
</UL>
<P><STRONG><a name="[1b95838]"></a>TIM1_UP_TIM10_IRQHandler</STRONG> (Thumb, 0 bytes, Stack size 0 bytes, startup_stm32f10x_xl.o(.text))
<BR>[Address Reference Count : 1]<UL><LI> startup_stm32f10x_xl.o(RESET)
</UL>
<P><STRONG><a name="[1b957c0]"></a>TIM3_IRQHandler</STRONG> (Thumb, 0 bytes, Stack size 0 bytes, startup_stm32f10x_xl.o(.text))
<BR>[Address Reference Count : 1]<UL><LI> startup_stm32f10x_xl.o(RESET)
</UL>
<P><STRONG><a name="[1b95784]"></a>TIM4_IRQHandler</STRONG> (Thumb, 0 bytes, Stack size 0 bytes, startup_stm32f10x_xl.o(.text))
<BR>[Address Reference Count : 1]<UL><LI> startup_stm32f10x_xl.o(RESET)
</UL>
<P><STRONG><a name="[1b95748]"></a>TIM5_IRQHandler</STRONG> (Thumb, 0 bytes, Stack size 0 bytes, startup_stm32f10x_xl.o(.text))
<BR>[Address Reference Count : 1]<UL><LI> startup_stm32f10x_xl.o(RESET)
</UL>
<P><STRONG><a name="[1b956d0]"></a>TIM7_IRQHandler</STRONG> (Thumb, 0 bytes, Stack size 0 bytes, startup_stm32f10x_xl.o(.text))
<BR>[Address Reference Count : 1]<UL><LI> startup_stm32f10x_xl.o(RESET)
</UL>
<P><STRONG><a name="[1b95694]"></a>TIM8_BRK_TIM12_IRQHandler</STRONG> (Thumb, 0 bytes, Stack size 0 bytes, startup_stm32f10x_xl.o(.text))
<BR>[Address Reference Count : 1]<UL><LI> startup_stm32f10x_xl.o(RESET)
</UL>
<P><STRONG><a name="[1b95658]"></a>TIM8_CC_IRQHandler</STRONG> (Thumb, 0 bytes, Stack size 0 bytes, startup_stm32f10x_xl.o(.text))
<BR>[Address Reference Count : 1]<UL><LI> startup_stm32f10x_xl.o(RESET)
</UL>
<P><STRONG><a name="[1b9561c]"></a>TIM8_TRG_COM_TIM14_IRQHandler</STRONG> (Thumb, 0 bytes, Stack size 0 bytes, startup_stm32f10x_xl.o(.text))
<BR>[Address Reference Count : 1]<UL><LI> startup_stm32f10x_xl.o(RESET)
</UL>
<P><STRONG><a name="[1b955e0]"></a>TIM8_UP_TIM13_IRQHandler</STRONG> (Thumb, 0 bytes, Stack size 0 bytes, startup_stm32f10x_xl.o(.text))
<BR>[Address Reference Count : 1]<UL><LI> startup_stm32f10x_xl.o(RESET)
</UL>
<P><STRONG><a name="[1b955a4]"></a>UART4_IRQHandler</STRONG> (Thumb, 0 bytes, Stack size 0 bytes, startup_stm32f10x_xl.o(.text))
<BR>[Address Reference Count : 1]<UL><LI> startup_stm32f10x_xl.o(RESET)
</UL>
<P><STRONG><a name="[1b95568]"></a>UART5_IRQHandler</STRONG> (Thumb, 0 bytes, Stack size 0 bytes, startup_stm32f10x_xl.o(.text))
<BR>[Address Reference Count : 1]<UL><LI> startup_stm32f10x_xl.o(RESET)
</UL>
<P><STRONG><a name="[1b9552c]"></a>USART1_IRQHandler</STRONG> (Thumb, 0 bytes, Stack size 0 bytes, startup_stm32f10x_xl.o(.text))
<BR>[Address Reference Count : 1]<UL><LI> startup_stm32f10x_xl.o(RESET)
</UL>
<P><STRONG><a name="[1b954f0]"></a>USART2_IRQHandler</STRONG> (Thumb, 0 bytes, Stack size 0 bytes, startup_stm32f10x_xl.o(.text))
<BR>[Address Reference Count : 1]<UL><LI> startup_stm32f10x_xl.o(RESET)
</UL>
<P><STRONG><a name="[1b954b4]"></a>USART3_IRQHandler</STRONG> (Thumb, 0 bytes, Stack size 0 bytes, startup_stm32f10x_xl.o(.text))
<BR>[Address Reference Count : 1]<UL><LI> startup_stm32f10x_xl.o(RESET)
</UL>
<P><STRONG><a name="[1b95478]"></a>USBWakeUp_IRQHandler</STRONG> (Thumb, 0 bytes, Stack size 0 bytes, startup_stm32f10x_xl.o(.text))
<BR>[Address Reference Count : 1]<UL><LI> startup_stm32f10x_xl.o(RESET)
</UL>
<P><STRONG><a name="[1b9543c]"></a>USB_HP_CAN1_TX_IRQHandler</STRONG> (Thumb, 0 bytes, Stack size 0 bytes, startup_stm32f10x_xl.o(.text))
<BR>[Address Reference Count : 1]<UL><LI> startup_stm32f10x_xl.o(RESET)
</UL>
<P><STRONG><a name="[1b95400]"></a>USB_LP_CAN1_RX0_IRQHandler</STRONG> (Thumb, 0 bytes, Stack size 0 bytes, startup_stm32f10x_xl.o(.text))
<BR>[Address Reference Count : 1]<UL><LI> startup_stm32f10x_xl.o(RESET)
</UL>
<P><STRONG><a name="[1b953c4]"></a>WWDG_IRQHandler</STRONG> (Thumb, 0 bytes, Stack size 0 bytes, startup_stm32f10x_xl.o(.text))
<BR>[Address Reference Count : 1]<UL><LI> startup_stm32f10x_xl.o(RESET)
</UL>
<P><STRONG><a name="[1b3ac54]"></a>__aeabi_fadd</STRONG> (Thumb, 164 bytes, Stack size 0 bytes, fadd.o(.text))
<BR><BR>[Calls]<UL><LI><a href="#[1b8d69c]">&gt;&gt;</a>&nbsp;&nbsp;&nbsp;_float_round
<LI><a href="#[1b8d6d8]">&gt;&gt;</a>&nbsp;&nbsp;&nbsp;_float_epilogue
</UL>
<BR>[Called By]<UL><LI><a href="#[1b39e44]">&gt;&gt;</a>&nbsp;&nbsp;&nbsp;__aeabi_fsub
<LI><a href="#[1b39fe8]">&gt;&gt;</a>&nbsp;&nbsp;&nbsp;TIM6_IRQHandler
<LI><a href="#[1b3b53c]">&gt;&gt;</a>&nbsp;&nbsp;&nbsp;turnaround
<LI><a href="#[1b8d714]">&gt;&gt;</a>&nbsp;&nbsp;&nbsp;__aeabi_frsub
</UL>

<P><STRONG><a name="[1b39e44]"></a>__aeabi_fsub</STRONG> (Thumb, 6 bytes, Stack size 0 bytes, fadd.o(.text))
<BR><BR>[Calls]<UL><LI><a href="#[1b3ac54]">&gt;&gt;</a>&nbsp;&nbsp;&nbsp;__aeabi_fadd
</UL>
<BR>[Called By]<UL><LI><a href="#[1b39fe8]">&gt;&gt;</a>&nbsp;&nbsp;&nbsp;TIM6_IRQHandler
</UL>

<P><STRONG><a name="[1b8d714]"></a>__aeabi_frsub</STRONG> (Thumb, 6 bytes, Stack size 0 bytes, fadd.o(.text), UNUSED)
<BR><BR>[Calls]<UL><LI><a href="#[1b3ac54]">&gt;&gt;</a>&nbsp;&nbsp;&nbsp;__aeabi_fadd
</UL>

<P><STRONG><a name="[1b3ac18]"></a>__aeabi_fmul</STRONG> (Thumb, 106 bytes, Stack size 0 bytes, fmul.o(.text))
<BR><BR>[Called By]<UL><LI><a href="#[1b39fe8]">&gt;&gt;</a>&nbsp;&nbsp;&nbsp;TIM6_IRQHandler
<LI><a href="#[1b3b53c]">&gt;&gt;</a>&nbsp;&nbsp;&nbsp;turnaround
</UL>

<P><STRONG><a name="[1b3abdc]"></a>__aeabi_i2f</STRONG> (Thumb, 18 bytes, Stack size 0 bytes, fflti.o(.text))
<BR><BR>[Calls]<UL><LI><a href="#[1b8d6d8]">&gt;&gt;</a>&nbsp;&nbsp;&nbsp;_float_epilogue
</UL>
<BR>[Called By]<UL><LI><a href="#[1b39fe8]">&gt;&gt;</a>&nbsp;&nbsp;&nbsp;TIM6_IRQHandler
<LI><a href="#[1b3b53c]">&gt;&gt;</a>&nbsp;&nbsp;&nbsp;turnaround
</UL>

<P><STRONG><a name="[1b3ac90]"></a>__aeabi_f2iz</STRONG> (Thumb, 50 bytes, Stack size 0 bytes, ffixi.o(.text))
<BR><BR>[Called By]<UL><LI><a href="#[1b39fe8]">&gt;&gt;</a>&nbsp;&nbsp;&nbsp;TIM6_IRQHandler
<LI><a href="#[1b3b53c]">&gt;&gt;</a>&nbsp;&nbsp;&nbsp;turnaround
</UL>

<P><STRONG><a name="[1b8cf94]"></a>__aeabi_uidivmod</STRONG> (Thumb, 44 bytes, Stack size 0 bytes, uidiv.o(.text), UNUSED)
<BR><BR>[Called By]<UL><LI><a href="#[1b93aec]">&gt;&gt;</a>&nbsp;&nbsp;&nbsp;_printf_core
</UL>

<P><STRONG><a name="[1b8d69c]"></a>_float_round</STRONG> (Thumb, 18 bytes, Stack size 0 bytes, fepilogue.o(.text))
<BR><BR>[Called By]<UL><LI><a href="#[1b3ac54]">&gt;&gt;</a>&nbsp;&nbsp;&nbsp;__aeabi_fadd
</UL>

<P><STRONG><a name="[1b8d6d8]"></a>_float_epilogue</STRONG> (Thumb, 92 bytes, Stack size 0 bytes, fepilogue.o(.text))
<BR><BR>[Called By]<UL><LI><a href="#[1b3abdc]">&gt;&gt;</a>&nbsp;&nbsp;&nbsp;__aeabi_i2f
<LI><a href="#[1b3ac54]">&gt;&gt;</a>&nbsp;&nbsp;&nbsp;__aeabi_fadd
</UL>

<P><STRONG><a name="[1b8c904]"></a>__scatterload</STRONG> (Thumb, 28 bytes, Stack size 0 bytes, init.o(.text))
<BR><BR>[Calls]<UL><LI><a href="#[1b8d264]">&gt;&gt;</a>&nbsp;&nbsp;&nbsp;__main_after_scatterload
</UL>
<BR>[Called By]<UL><LI><a href="#[1b8d2a0]">&gt;&gt;</a>&nbsp;&nbsp;&nbsp;_main_scatterload
</UL>

<P><STRONG><a name="[1b3a27c]"></a>BusFault_Handler</STRONG> (Thumb, 2 bytes, Stack size 0 bytes, stm32f10x_it.o(i.BusFault_Handler))
<BR><BR>[Calls]<UL><LI><a href="#[1b3a27c]">&gt;&gt;</a>&nbsp;&nbsp;&nbsp;BusFault_Handler
</UL>
<BR>[Called By]<UL><LI><a href="#[1b3a27c]">&gt;&gt;</a>&nbsp;&nbsp;&nbsp;BusFault_Handler
</UL>
<BR>[Address Reference Count : 1]<UL><LI> startup_stm32f10x_xl.o(RESET)
</UL>
<P><STRONG><a name="[1b3a240]"></a>DebugMon_Handler</STRONG> (Thumb, 2 bytes, Stack size 0 bytes, stm32f10x_it.o(i.DebugMon_Handler))
<BR>[Address Reference Count : 1]<UL><LI> startup_stm32f10x_xl.o(RESET)
</UL>
<P><STRONG><a name="[1b3b9ec]"></a>Delay</STRONG> (Thumb, 12 bytes, Stack size 0 bytes, main.o(i.Delay))
<BR><BR>[Called By]<UL><LI><a href="#[1b3b62c]">&gt;&gt;</a>&nbsp;&nbsp;&nbsp;main
</UL>

<P><STRONG><a name="[1b3a204]"></a>EXTI2_IRQHandler</STRONG> (Thumb, 70 bytes, Stack size 0 bytes, stm32f10x_it.o(i.EXTI2_IRQHandler))
<BR><BR>[Calls]<UL><LI><a href="#[1b39ef8]">&gt;&gt;</a>&nbsp;&nbsp;&nbsp;EXTI_GetITStatus
<LI><a href="#[1b39f34]">&gt;&gt;</a>&nbsp;&nbsp;&nbsp;EXTI_ClearITPendingBit
<LI><a href="#[1b39f70]">&gt;&gt;</a>&nbsp;&nbsp;&nbsp;EXTI_ClearFlag
<LI><a href="#[1b3b398]">&gt;&gt;</a>&nbsp;&nbsp;&nbsp;GPIO_ReadInputDataBit
</UL>
<BR>[Address Reference Count : 1]<UL><LI> startup_stm32f10x_xl.o(RESET)
</UL>
<P><STRONG><a name="[1b3a1c8]"></a>EXTI3_IRQHandler</STRONG> (Thumb, 70 bytes, Stack size 0 bytes, stm32f10x_it.o(i.EXTI3_IRQHandler))
<BR><BR>[Calls]<UL><LI><a href="#[1b39ef8]">&gt;&gt;</a>&nbsp;&nbsp;&nbsp;EXTI_GetITStatus
<LI><a href="#[1b39f34]">&gt;&gt;</a>&nbsp;&nbsp;&nbsp;EXTI_ClearITPendingBit
<LI><a href="#[1b39f70]">&gt;&gt;</a>&nbsp;&nbsp;&nbsp;EXTI_ClearFlag
<LI><a href="#[1b3b398]">&gt;&gt;</a>&nbsp;&nbsp;&nbsp;GPIO_ReadInputDataBit
</UL>
<BR>[Address Reference Count : 1]<UL><LI> startup_stm32f10x_xl.o(RESET)
</UL>
<P><STRONG><a name="[1b39f70]"></a>EXTI_ClearFlag</STRONG> (Thumb, 6 bytes, Stack size 0 bytes, stm32f10x_exti.o(i.EXTI_ClearFlag))
<BR><BR>[Called By]<UL><LI><a href="#[1b3a1c8]">&gt;&gt;</a>&nbsp;&nbsp;&nbsp;EXTI3_IRQHandler
<LI><a href="#[1b3a204]">&gt;&gt;</a>&nbsp;&nbsp;&nbsp;EXTI2_IRQHandler
</UL>

<P><STRONG><a name="[1b39f34]"></a>EXTI_ClearITPendingBit</STRONG> (Thumb, 6 bytes, Stack size 0 bytes, stm32f10x_exti.o(i.EXTI_ClearITPendingBit))
<BR><BR>[Called By]<UL><LI><a href="#[1b3a1c8]">&gt;&gt;</a>&nbsp;&nbsp;&nbsp;EXTI3_IRQHandler
<LI><a href="#[1b3a204]">&gt;&gt;</a>&nbsp;&nbsp;&nbsp;EXTI2_IRQHandler
</UL>

<P><STRONG><a name="[1b39ef8]"></a>EXTI_GetITStatus</STRONG> (Thumb, 26 bytes, Stack size 0 bytes, stm32f10x_exti.o(i.EXTI_GetITStatus))
<BR><BR>[Called By]<UL><LI><a href="#[1b3a1c8]">&gt;&gt;</a>&nbsp;&nbsp;&nbsp;EXTI3_IRQHandler
<LI><a href="#[1b3a204]">&gt;&gt;</a>&nbsp;&nbsp;&nbsp;EXTI2_IRQHandler
</UL>

<P><STRONG><a name="[1b3b500]"></a>EXTI_Init</STRONG> (Thumb, 128 bytes, Stack size 0 bytes, stm32f10x_exti.o(i.EXTI_Init))
<BR><BR>[Called By]<UL><LI><a href="#[1b3b974]">&gt;&gt;</a>&nbsp;&nbsp;&nbsp;GPIO_Configuration
</UL>

<P><STRONG><a name="[1b3b4c4]"></a>FLASH_PrefetchBufferCmd</STRONG> (Thumb, 18 bytes, Stack size 0 bytes, stm32f10x_flash.o(i.FLASH_PrefetchBufferCmd))
<BR><BR>[Called By]<UL><LI><a href="#[1b3b8fc]">&gt;&gt;</a>&nbsp;&nbsp;&nbsp;RCC_Configuration
</UL>

<P><STRONG><a name="[1b3b488]"></a>FLASH_SetLatency</STRONG> (Thumb, 14 bytes, Stack size 0 bytes, stm32f10x_flash.o(i.FLASH_SetLatency))
<BR><BR>[Called By]<UL><LI><a href="#[1b3b8fc]">&gt;&gt;</a>&nbsp;&nbsp;&nbsp;RCC_Configuration
</UL>

<P><STRONG><a name="[1b3b974]"></a>GPIO_Configuration</STRONG> (Thumb, 460 bytes, Stack size 0 bytes, main.o(i.GPIO_Configuration))
<BR><BR>[Calls]<UL><LI><a href="#[1b3b35c]">&gt;&gt;</a>&nbsp;&nbsp;&nbsp;GPIO_WriteBit
<LI><a href="#[1b3b3d4]">&gt;&gt;</a>&nbsp;&nbsp;&nbsp;GPIO_PinRemapConfig
<LI><a href="#[1b3b410]">&gt;&gt;</a>&nbsp;&nbsp;&nbsp;GPIO_Init
<LI><a href="#[1b3b44c]">&gt;&gt;</a>&nbsp;&nbsp;&nbsp;GPIO_EXTILineConfig
<LI><a href="#[1b3b500]">&gt;&gt;</a>&nbsp;&nbsp;&nbsp;EXTI_Init
</UL>
<BR>[Called By]<UL><LI><a href="#[1b3b62c]">&gt;&gt;</a>&nbsp;&nbsp;&nbsp;main
</UL>

<P><STRONG><a name="[1b3b44c]"></a>GPIO_EXTILineConfig</STRONG> (Thumb, 34 bytes, Stack size 0 bytes, stm32f10x_gpio.o(i.GPIO_EXTILineConfig))
<BR><BR>[Called By]<UL><LI><a href="#[1b3b974]">&gt;&gt;</a>&nbsp;&nbsp;&nbsp;GPIO_Configuration
</UL>

<P><STRONG><a name="[1b3b410]"></a>GPIO_Init</STRONG> (Thumb, 158 bytes, Stack size 0 bytes, stm32f10x_gpio.o(i.GPIO_Init))
<BR><BR>[Called By]<UL><LI><a href="#[1b3aa74]">&gt;&gt;</a>&nbsp;&nbsp;&nbsp;graphic_lcd_config
<LI><a href="#[1b3b974]">&gt;&gt;</a>&nbsp;&nbsp;&nbsp;GPIO_Configuration
</UL>

<P><STRONG><a name="[1b3b3d4]"></a>GPIO_PinRemapConfig</STRONG> (Thumb, 82 bytes, Stack size 0 bytes, stm32f10x_gpio.o(i.GPIO_PinRemapConfig))
<BR><BR>[Called By]<UL><LI><a href="#[1b3b974]">&gt;&gt;</a>&nbsp;&nbsp;&nbsp;GPIO_Configuration
</UL>

<P><STRONG><a name="[1b3b398]"></a>GPIO_ReadInputDataBit</STRONG> (Thumb, 14 bytes, Stack size 0 bytes, stm32f10x_gpio.o(i.GPIO_ReadInputDataBit))
<BR><BR>[Called By]<UL><LI><a href="#[1b3a1c8]">&gt;&gt;</a>&nbsp;&nbsp;&nbsp;EXTI3_IRQHandler
<LI><a href="#[1b3a204]">&gt;&gt;</a>&nbsp;&nbsp;&nbsp;EXTI2_IRQHandler
<LI><a href="#[1b3b62c]">&gt;&gt;</a>&nbsp;&nbsp;&nbsp;main
<LI><a href="#[1b3b8c0]">&gt;&gt;</a>&nbsp;&nbsp;&nbsp;Read_Sensor
</UL>

<P><STRONG><a name="[1b3b35c]"></a>GPIO_WriteBit</STRONG> (Thumb, 10 bytes, Stack size 0 bytes, stm32f10x_gpio.o(i.GPIO_WriteBit))
<BR><BR>[Called By]<UL><LI><a href="#[1b39958]">&gt;&gt;</a>&nbsp;&nbsp;&nbsp;lcd_write_data
<LI><a href="#[1b39994]">&gt;&gt;</a>&nbsp;&nbsp;&nbsp;lcd_write_command
<LI><a href="#[1b39a48]">&gt;&gt;</a>&nbsp;&nbsp;&nbsp;lcd_initial
<LI><a href="#[1b39a84]">&gt;&gt;</a>&nbsp;&nbsp;&nbsp;SPI_Send_Byte
<LI><a href="#[1b3aa74]">&gt;&gt;</a>&nbsp;&nbsp;&nbsp;graphic_lcd_config
<LI><a href="#[1b3ab64]">&gt;&gt;</a>&nbsp;&nbsp;&nbsp;_eRight
<LI><a href="#[1b3aba0]">&gt;&gt;</a>&nbsp;&nbsp;&nbsp;_eLeft
<LI><a href="#[1b3af9c]">&gt;&gt;</a>&nbsp;&nbsp;&nbsp;Set_speed
<LI><a href="#[1b3b62c]">&gt;&gt;</a>&nbsp;&nbsp;&nbsp;main
<LI><a href="#[1b3b974]">&gt;&gt;</a>&nbsp;&nbsp;&nbsp;GPIO_Configuration
</UL>

<P><STRONG><a name="[1b3a18c]"></a>HardFault_Handler</STRONG> (Thumb, 2 bytes, Stack size 0 bytes, stm32f10x_it.o(i.HardFault_Handler))
<BR><BR>[Calls]<UL><LI><a href="#[1b3a18c]">&gt;&gt;</a>&nbsp;&nbsp;&nbsp;HardFault_Handler
</UL>
<BR>[Called By]<UL><LI><a href="#[1b3a18c]">&gt;&gt;</a>&nbsp;&nbsp;&nbsp;HardFault_Handler
</UL>
<BR>[Address Reference Count : 1]<UL><LI> startup_stm32f10x_xl.o(RESET)
</UL>
<P><STRONG><a name="[1b3a150]"></a>MemManage_Handler</STRONG> (Thumb, 2 bytes, Stack size 0 bytes, stm32f10x_it.o(i.MemManage_Handler))
<BR><BR>[Calls]<UL><LI><a href="#[1b3a150]">&gt;&gt;</a>&nbsp;&nbsp;&nbsp;MemManage_Handler
</UL>
<BR>[Called By]<UL><LI><a href="#[1b3a150]">&gt;&gt;</a>&nbsp;&nbsp;&nbsp;MemManage_Handler
</UL>
<BR>[Address Reference Count : 1]<UL><LI> startup_stm32f10x_xl.o(RESET)
</UL>
<P><STRONG><a name="[1b3a114]"></a>NMI_Handler</STRONG> (Thumb, 2 bytes, Stack size 0 bytes, stm32f10x_it.o(i.NMI_Handler))
<BR>[Address Reference Count : 1]<UL><LI> startup_stm32f10x_xl.o(RESET)
</UL>
<P><STRONG><a name="[1b3b320]"></a>NVIC_Configuration</STRONG> (Thumb, 142 bytes, Stack size 0 bytes, _mc_config.o(i.NVIC_Configuration))
<BR><BR>[Calls]<UL><LI><a href="#[1b397b4]">&gt;&gt;</a>&nbsp;&nbsp;&nbsp;NVIC_PriorityGroupConfig
<LI><a href="#[1b397f0]">&gt;&gt;</a>&nbsp;&nbsp;&nbsp;NVIC_Init
</UL>
<BR>[Called By]<UL><LI><a href="#[1b3b62c]">&gt;&gt;</a>&nbsp;&nbsp;&nbsp;main
</UL>

<P><STRONG><a name="[1b397f0]"></a>NVIC_Init</STRONG> (Thumb, 92 bytes, Stack size 0 bytes, misc.o(i.NVIC_Init))
<BR><BR>[Called By]<UL><LI><a href="#[1b3b320]">&gt;&gt;</a>&nbsp;&nbsp;&nbsp;NVIC_Configuration
</UL>

<P><STRONG><a name="[1b397b4]"></a>NVIC_PriorityGroupConfig</STRONG> (Thumb, 10 bytes, Stack size 0 bytes, misc.o(i.NVIC_PriorityGroupConfig))
<BR><BR>[Called By]<UL><LI><a href="#[1b3b320]">&gt;&gt;</a>&nbsp;&nbsp;&nbsp;NVIC_Configuration
</UL>

<P><STRONG><a name="[1b3a0d8]"></a>PendSV_Handler</STRONG> (Thumb, 2 bytes, Stack size 0 bytes, stm32f10x_it.o(i.PendSV_Handler))
<BR>[Address Reference Count : 1]<UL><LI> startup_stm32f10x_xl.o(RESET)
</UL>
<P><STRONG><a name="[1b3b2e4]"></a>RCC_ADCCLKConfig</STRONG> (Thumb, 14 bytes, Stack size 0 bytes, stm32f10x_rcc.o(i.RCC_ADCCLKConfig))
<BR><BR>[Called By]<UL><LI><a href="#[1b3b8fc]">&gt;&gt;</a>&nbsp;&nbsp;&nbsp;RCC_Configuration
</UL>

<P><STRONG><a name="[1b3b2a8]"></a>RCC_APB1PeriphClockCmd</STRONG> (Thumb, 18 bytes, Stack size 0 bytes, stm32f10x_rcc.o(i.RCC_APB1PeriphClockCmd))
<BR><BR>[Called By]<UL><LI><a href="#[1b3b8fc]">&gt;&gt;</a>&nbsp;&nbsp;&nbsp;RCC_Configuration
</UL>

<P><STRONG><a name="[1b3b26c]"></a>RCC_APB2PeriphClockCmd</STRONG> (Thumb, 18 bytes, Stack size 0 bytes, stm32f10x_rcc.o(i.RCC_APB2PeriphClockCmd))
<BR><BR>[Called By]<UL><LI><a href="#[1b3aa74]">&gt;&gt;</a>&nbsp;&nbsp;&nbsp;graphic_lcd_config
<LI><a href="#[1b3b8fc]">&gt;&gt;</a>&nbsp;&nbsp;&nbsp;RCC_Configuration
</UL>

<P><STRONG><a name="[1b3b8fc]"></a>RCC_Configuration</STRONG> (Thumb, 176 bytes, Stack size 0 bytes, main.o(i.RCC_Configuration))
<BR><BR>[Calls]<UL><LI><a href="#[1b3afd8]">&gt;&gt;</a>&nbsp;&nbsp;&nbsp;RCC_WaitForHSEStartUp
<LI><a href="#[1b3b014]">&gt;&gt;</a>&nbsp;&nbsp;&nbsp;RCC_SYSCLKConfig
<LI><a href="#[1b3b050]">&gt;&gt;</a>&nbsp;&nbsp;&nbsp;RCC_PLLConfig
<LI><a href="#[1b3b08c]">&gt;&gt;</a>&nbsp;&nbsp;&nbsp;RCC_PLLCmd
<LI><a href="#[1b3b0c8]">&gt;&gt;</a>&nbsp;&nbsp;&nbsp;RCC_PCLK2Config
<LI><a href="#[1b3b104]">&gt;&gt;</a>&nbsp;&nbsp;&nbsp;RCC_PCLK1Config
<LI><a href="#[1b3b140]">&gt;&gt;</a>&nbsp;&nbsp;&nbsp;RCC_HSEConfig
<LI><a href="#[1b3b17c]">&gt;&gt;</a>&nbsp;&nbsp;&nbsp;RCC_HCLKConfig
<LI><a href="#[1b3b1b8]">&gt;&gt;</a>&nbsp;&nbsp;&nbsp;RCC_GetSYSCLKSource
<LI><a href="#[1b3b1f4]">&gt;&gt;</a>&nbsp;&nbsp;&nbsp;RCC_GetFlagStatus
<LI><a href="#[1b3b230]">&gt;&gt;</a>&nbsp;&nbsp;&nbsp;RCC_DeInit
<LI><a href="#[1b3b26c]">&gt;&gt;</a>&nbsp;&nbsp;&nbsp;RCC_APB2PeriphClockCmd
<LI><a href="#[1b3b2a8]">&gt;&gt;</a>&nbsp;&nbsp;&nbsp;RCC_APB1PeriphClockCmd
<LI><a href="#[1b3b2e4]">&gt;&gt;</a>&nbsp;&nbsp;&nbsp;RCC_ADCCLKConfig
<LI><a href="#[1b3b488]">&gt;&gt;</a>&nbsp;&nbsp;&nbsp;FLASH_SetLatency
<LI><a href="#[1b3b4c4]">&gt;&gt;</a>&nbsp;&nbsp;&nbsp;FLASH_PrefetchBufferCmd
</UL>
<BR>[Called By]<UL><LI><a href="#[1b3b62c]">&gt;&gt;</a>&nbsp;&nbsp;&nbsp;main
</UL>

<P><STRONG><a name="[1b3b230]"></a>RCC_DeInit</STRONG> (Thumb, 50 bytes, Stack size 0 bytes, stm32f10x_rcc.o(i.RCC_DeInit))
<BR><BR>[Called By]<UL><LI><a href="#[1b3b8fc]">&gt;&gt;</a>&nbsp;&nbsp;&nbsp;RCC_Configuration
</UL>

<P><STRONG><a name="[1b38b84]"></a>RCC_GetClocksFreq</STRONG> (Thumb, 132 bytes, Stack size 0 bytes, stm32f10x_rcc.o(i.RCC_GetClocksFreq))
<BR><BR>[Called By]<UL><LI><a href="#[1b3ad08]">&gt;&gt;</a>&nbsp;&nbsp;&nbsp;USART_Init
</UL>

<P><STRONG><a name="[1b3b1f4]"></a>RCC_GetFlagStatus</STRONG> (Thumb, 42 bytes, Stack size 0 bytes, stm32f10x_rcc.o(i.RCC_GetFlagStatus))
<BR><BR>[Called By]<UL><LI><a href="#[1b3afd8]">&gt;&gt;</a>&nbsp;&nbsp;&nbsp;RCC_WaitForHSEStartUp
<LI><a href="#[1b3b8fc]">&gt;&gt;</a>&nbsp;&nbsp;&nbsp;RCC_Configuration
</UL>

<P><STRONG><a name="[1b3b1b8]"></a>RCC_GetSYSCLKSource</STRONG> (Thumb, 10 bytes, Stack size 0 bytes, stm32f10x_rcc.o(i.RCC_GetSYSCLKSource))
<BR><BR>[Called By]<UL><LI><a href="#[1b3b8fc]">&gt;&gt;</a>&nbsp;&nbsp;&nbsp;RCC_Configuration
</UL>

<P><STRONG><a name="[1b3b17c]"></a>RCC_HCLKConfig</STRONG> (Thumb, 14 bytes, Stack size 0 bytes, stm32f10x_rcc.o(i.RCC_HCLKConfig))
<BR><BR>[Called By]<UL><LI><a href="#[1b3b8fc]">&gt;&gt;</a>&nbsp;&nbsp;&nbsp;RCC_Configuration
</UL>

<P><STRONG><a name="[1b3b140]"></a>RCC_HSEConfig</STRONG> (Thumb, 48 bytes, Stack size 0 bytes, stm32f10x_rcc.o(i.RCC_HSEConfig))
<BR><BR>[Called By]<UL><LI><a href="#[1b3b8fc]">&gt;&gt;</a>&nbsp;&nbsp;&nbsp;RCC_Configuration
</UL>

<P><STRONG><a name="[1b3b104]"></a>RCC_PCLK1Config</STRONG> (Thumb, 14 bytes, Stack size 0 bytes, stm32f10x_rcc.o(i.RCC_PCLK1Config))
<BR><BR>[Called By]<UL><LI><a href="#[1b3b8fc]">&gt;&gt;</a>&nbsp;&nbsp;&nbsp;RCC_Configuration
</UL>

<P><STRONG><a name="[1b3b0c8]"></a>RCC_PCLK2Config</STRONG> (Thumb, 16 bytes, Stack size 0 bytes, stm32f10x_rcc.o(i.RCC_PCLK2Config))
<BR><BR>[Called By]<UL><LI><a href="#[1b3b8fc]">&gt;&gt;</a>&nbsp;&nbsp;&nbsp;RCC_Configuration
</UL>

<P><STRONG><a name="[1b3b08c]"></a>RCC_PLLCmd</STRONG> (Thumb, 6 bytes, Stack size 0 bytes, stm32f10x_rcc.o(i.RCC_PLLCmd))
<BR><BR>[Called By]<UL><LI><a href="#[1b3b8fc]">&gt;&gt;</a>&nbsp;&nbsp;&nbsp;RCC_Configuration
</UL>

<P><STRONG><a name="[1b3b050]"></a>RCC_PLLConfig</STRONG> (Thumb, 16 bytes, Stack size 0 bytes, stm32f10x_rcc.o(i.RCC_PLLConfig))
<BR><BR>[Called By]<UL><LI><a href="#[1b3b8fc]">&gt;&gt;</a>&nbsp;&nbsp;&nbsp;RCC_Configuration
</UL>

<P><STRONG><a name="[1b3b014]"></a>RCC_SYSCLKConfig</STRONG> (Thumb, 14 bytes, Stack size 0 bytes, stm32f10x_rcc.o(i.RCC_SYSCLKConfig))
<BR><BR>[Called By]<UL><LI><a href="#[1b3b8fc]">&gt;&gt;</a>&nbsp;&nbsp;&nbsp;RCC_Configuration
</UL>

<P><STRONG><a name="[1b3afd8]"></a>RCC_WaitForHSEStartUp</STRONG> (Thumb, 38 bytes, Stack size 0 bytes, stm32f10x_rcc.o(i.RCC_WaitForHSEStartUp))
<BR><BR>[Calls]<UL><LI><a href="#[1b3b1f4]">&gt;&gt;</a>&nbsp;&nbsp;&nbsp;RCC_GetFlagStatus
</UL>
<BR>[Called By]<UL><LI><a href="#[1b3b8fc]">&gt;&gt;</a>&nbsp;&nbsp;&nbsp;RCC_Configuration
</UL>

<P><STRONG><a name="[1b3b8c0]"></a>Read_Sensor</STRONG> (Thumb, 82 bytes, Stack size 0 bytes, main.o(i.Read_Sensor))
<BR><BR>[Calls]<UL><LI><a href="#[1b3b398]">&gt;&gt;</a>&nbsp;&nbsp;&nbsp;GPIO_ReadInputDataBit
</UL>
<BR>[Called By]<UL><LI><a href="#[1b3b62c]">&gt;&gt;</a>&nbsp;&nbsp;&nbsp;main
</UL>

<P><STRONG><a name="[1b39a84]"></a>SPI_Send_Byte</STRONG> (Thumb, 90 bytes, Stack size 0 bytes, _glcd_config.o(i.SPI_Send_Byte))
<BR><BR>[Calls]<UL><LI><a href="#[1b3b35c]">&gt;&gt;</a>&nbsp;&nbsp;&nbsp;GPIO_WriteBit
</UL>
<BR>[Called By]<UL><LI><a href="#[1b39958]">&gt;&gt;</a>&nbsp;&nbsp;&nbsp;lcd_write_data
<LI><a href="#[1b39994]">&gt;&gt;</a>&nbsp;&nbsp;&nbsp;lcd_write_command
</UL>

<P><STRONG><a name="[1b3a09c]"></a>SVC_Handler</STRONG> (Thumb, 2 bytes, Stack size 0 bytes, stm32f10x_it.o(i.SVC_Handler))
<BR>[Address Reference Count : 1]<UL><LI> startup_stm32f10x_xl.o(RESET)
</UL>
<P><STRONG><a name="[1b3af9c]"></a>Set_speed</STRONG> (Thumb, 188 bytes, Stack size 0 bytes, _dsp_config.o(i.Set_speed))
<BR><BR>[Calls]<UL><LI><a href="#[1b3adbc]">&gt;&gt;</a>&nbsp;&nbsp;&nbsp;TIM_OC2PreloadConfig
<LI><a href="#[1b3adf8]">&gt;&gt;</a>&nbsp;&nbsp;&nbsp;TIM_OC2Init
<LI><a href="#[1b3ae34]">&gt;&gt;</a>&nbsp;&nbsp;&nbsp;TIM_OC1PreloadConfig
<LI><a href="#[1b3ae70]">&gt;&gt;</a>&nbsp;&nbsp;&nbsp;TIM_OC1Init
<LI><a href="#[1b3aee8]">&gt;&gt;</a>&nbsp;&nbsp;&nbsp;TIM_Cmd
<LI><a href="#[1b3af24]">&gt;&gt;</a>&nbsp;&nbsp;&nbsp;TIM_ARRPreloadConfig
<LI><a href="#[1b3b35c]">&gt;&gt;</a>&nbsp;&nbsp;&nbsp;GPIO_WriteBit
</UL>
<BR>[Called By]<UL><LI><a href="#[1b39fe8]">&gt;&gt;</a>&nbsp;&nbsp;&nbsp;TIM6_IRQHandler
</UL>

<P><STRONG><a name="[1b3a060]"></a>SysTick_Handler</STRONG> (Thumb, 118 bytes, Stack size 0 bytes, stm32f10x_it.o(i.SysTick_Handler))
<BR><BR>[Calls]<UL><LI><a href="#[1b3b848]">&gt;&gt;</a>&nbsp;&nbsp;&nbsp;TimingDelay_Decrement
</UL>
<BR>[Address Reference Count : 1]<UL><LI> startup_stm32f10x_xl.o(RESET)
</UL>
<P><STRONG><a name="[1b2ec9c]"></a>SystemInit</STRONG> (Thumb, 52 bytes, Stack size 0 bytes, system_stm32f10x.o(i.SystemInit))
<BR><BR>[Calls]<UL><LI><a href="#[1b2ed50]">&gt;&gt;</a>&nbsp;&nbsp;&nbsp;SetSysClockTo72
</UL>
<BR>[Address Reference Count : 1]<UL><LI> startup_stm32f10x_xl.o(.text)
</UL>
<P><STRONG><a name="[1b3a024]"></a>TIM2_IRQHandler</STRONG> (Thumb, 2 bytes, Stack size 0 bytes, stm32f10x_it.o(i.TIM2_IRQHandler))
<BR>[Address Reference Count : 1]<UL><LI> startup_stm32f10x_xl.o(RESET)
</UL>
<P><STRONG><a name="[1b39fe8]"></a>TIM6_IRQHandler</STRONG> (Thumb, 308 bytes, Stack size 0 bytes, stm32f10x_it.o(i.TIM6_IRQHandler))
<BR><BR>[Calls]<UL><LI><a href="#[1b39e44]">&gt;&gt;</a>&nbsp;&nbsp;&nbsp;__aeabi_fsub
<LI><a href="#[1b39e80]">&gt;&gt;</a>&nbsp;&nbsp;&nbsp;TIM_GetITStatus
<LI><a href="#[1b39ebc]">&gt;&gt;</a>&nbsp;&nbsp;&nbsp;TIM_ClearITPendingBit
<LI><a href="#[1b3abdc]">&gt;&gt;</a>&nbsp;&nbsp;&nbsp;__aeabi_i2f
<LI><a href="#[1b3ac18]">&gt;&gt;</a>&nbsp;&nbsp;&nbsp;__aeabi_fmul
<LI><a href="#[1b3ac54]">&gt;&gt;</a>&nbsp;&nbsp;&nbsp;__aeabi_fadd
<LI><a href="#[1b3ac90]">&gt;&gt;</a>&nbsp;&nbsp;&nbsp;__aeabi_f2iz
<LI><a href="#[1b3af9c]">&gt;&gt;</a>&nbsp;&nbsp;&nbsp;Set_speed
</UL>
<BR>[Address Reference Count : 1]<UL><LI> startup_stm32f10x_xl.o(RESET)
</UL>
<P><STRONG><a name="[1b3af24]"></a>TIM_ARRPreloadConfig</STRONG> (Thumb, 20 bytes, Stack size 0 bytes, stm32f10x_tim.o(i.TIM_ARRPreloadConfig))
<BR><BR>[Called By]<UL><LI><a href="#[1b3aeac]">&gt;&gt;</a>&nbsp;&nbsp;&nbsp;TIM_Configuration
<LI><a href="#[1b3af9c]">&gt;&gt;</a>&nbsp;&nbsp;&nbsp;Set_speed
</UL>

<P><STRONG><a name="[1b39ebc]"></a>TIM_ClearITPendingBit</STRONG> (Thumb, 6 bytes, Stack size 0 bytes, stm32f10x_tim.o(i.TIM_ClearITPendingBit))
<BR><BR>[Called By]<UL><LI><a href="#[1b39fe8]">&gt;&gt;</a>&nbsp;&nbsp;&nbsp;TIM6_IRQHandler
</UL>

<P><STRONG><a name="[1b3aee8]"></a>TIM_Cmd</STRONG> (Thumb, 20 bytes, Stack size 0 bytes, stm32f10x_tim.o(i.TIM_Cmd))
<BR><BR>[Called By]<UL><LI><a href="#[1b3ab64]">&gt;&gt;</a>&nbsp;&nbsp;&nbsp;_eRight
<LI><a href="#[1b3aba0]">&gt;&gt;</a>&nbsp;&nbsp;&nbsp;_eLeft
<LI><a href="#[1b3aeac]">&gt;&gt;</a>&nbsp;&nbsp;&nbsp;TIM_Configuration
<LI><a href="#[1b3af9c]">&gt;&gt;</a>&nbsp;&nbsp;&nbsp;Set_speed
</UL>

<P><STRONG><a name="[1b3aeac]"></a>TIM_Configuration</STRONG> (Thumb, 96 bytes, Stack size 0 bytes, _mc_config.o(i.TIM_Configuration))
<BR><BR>[Calls]<UL><LI><a href="#[1b39778]">&gt;&gt;</a>&nbsp;&nbsp;&nbsp;TIM_ITConfig
<LI><a href="#[1b3ad80]">&gt;&gt;</a>&nbsp;&nbsp;&nbsp;TIM_TimeBaseInit
<LI><a href="#[1b3aee8]">&gt;&gt;</a>&nbsp;&nbsp;&nbsp;TIM_Cmd
<LI><a href="#[1b3af24]">&gt;&gt;</a>&nbsp;&nbsp;&nbsp;TIM_ARRPreloadConfig
</UL>
<BR>[Called By]<UL><LI><a href="#[1b3b62c]">&gt;&gt;</a>&nbsp;&nbsp;&nbsp;main
</UL>

<P><STRONG><a name="[1b39e80]"></a>TIM_GetITStatus</STRONG> (Thumb, 24 bytes, Stack size 0 bytes, stm32f10x_tim.o(i.TIM_GetITStatus))
<BR><BR>[Called By]<UL><LI><a href="#[1b39fe8]">&gt;&gt;</a>&nbsp;&nbsp;&nbsp;TIM6_IRQHandler
</UL>

<P><STRONG><a name="[1b39778]"></a>TIM_ITConfig</STRONG> (Thumb, 16 bytes, Stack size 0 bytes, stm32f10x_tim.o(i.TIM_ITConfig))
<BR><BR>[Called By]<UL><LI><a href="#[1b3aeac]">&gt;&gt;</a>&nbsp;&nbsp;&nbsp;TIM_Configuration
</UL>

<P><STRONG><a name="[1b3ae70]"></a>TIM_OC1Init</STRONG> (Thumb, 106 bytes, Stack size 0 bytes, stm32f10x_tim.o(i.TIM_OC1Init))
<BR><BR>[Called By]<UL><LI><a href="#[1b3ab64]">&gt;&gt;</a>&nbsp;&nbsp;&nbsp;_eRight
<LI><a href="#[1b3af9c]">&gt;&gt;</a>&nbsp;&nbsp;&nbsp;Set_speed
</UL>

<P><STRONG><a name="[1b3ae34]"></a>TIM_OC1PreloadConfig</STRONG> (Thumb, 12 bytes, Stack size 0 bytes, stm32f10x_tim.o(i.TIM_OC1PreloadConfig))
<BR><BR>[Called By]<UL><LI><a href="#[1b3af9c]">&gt;&gt;</a>&nbsp;&nbsp;&nbsp;Set_speed
</UL>

<P><STRONG><a name="[1b3adf8]"></a>TIM_OC2Init</STRONG> (Thumb, 116 bytes, Stack size 0 bytes, stm32f10x_tim.o(i.TIM_OC2Init))
<BR><BR>[Called By]<UL><LI><a href="#[1b3aba0]">&gt;&gt;</a>&nbsp;&nbsp;&nbsp;_eLeft
<LI><a href="#[1b3af9c]">&gt;&gt;</a>&nbsp;&nbsp;&nbsp;Set_speed
</UL>

<P><STRONG><a name="[1b3adbc]"></a>TIM_OC2PreloadConfig</STRONG> (Thumb, 14 bytes, Stack size 0 bytes, stm32f10x_tim.o(i.TIM_OC2PreloadConfig))
<BR><BR>[Called By]<UL><LI><a href="#[1b3af9c]">&gt;&gt;</a>&nbsp;&nbsp;&nbsp;Set_speed
</UL>

<P><STRONG><a name="[1b3ad80]"></a>TIM_TimeBaseInit</STRONG> (Thumb, 114 bytes, Stack size 0 bytes, stm32f10x_tim.o(i.TIM_TimeBaseInit))
<BR><BR>[Called By]<UL><LI><a href="#[1b3ab64]">&gt;&gt;</a>&nbsp;&nbsp;&nbsp;_eRight
<LI><a href="#[1b3aba0]">&gt;&gt;</a>&nbsp;&nbsp;&nbsp;_eLeft
<LI><a href="#[1b3aeac]">&gt;&gt;</a>&nbsp;&nbsp;&nbsp;TIM_Configuration
</UL>

<P><STRONG><a name="[1b3b848]"></a>TimingDelay_Decrement</STRONG> (Thumb, 16 bytes, Stack size 0 bytes, main.o(i.TimingDelay_Decrement))
<BR><BR>[Called By]<UL><LI><a href="#[1b3a060]">&gt;&gt;</a>&nbsp;&nbsp;&nbsp;SysTick_Handler
</UL>

<P><STRONG><a name="[1b3b794]"></a>UART1_Configuration</STRONG> (Thumb, 52 bytes, Stack size 0 bytes, main.o(i.UART1_Configuration))
<BR><BR>[Calls]<UL><LI><a href="#[1b3ad08]">&gt;&gt;</a>&nbsp;&nbsp;&nbsp;USART_Init
<LI><a href="#[1b3ad44]">&gt;&gt;</a>&nbsp;&nbsp;&nbsp;USART_Cmd
</UL>
<BR>[Called By]<UL><LI><a href="#[1b3b62c]">&gt;&gt;</a>&nbsp;&nbsp;&nbsp;main
</UL>

<P><STRONG><a name="[1b3ad44]"></a>USART_Cmd</STRONG> (Thumb, 20 bytes, Stack size 0 bytes, stm32f10x_usart.o(i.USART_Cmd))
<BR><BR>[Called By]<UL><LI><a href="#[1b3b794]">&gt;&gt;</a>&nbsp;&nbsp;&nbsp;UART1_Configuration
</UL>

<P><STRONG><a name="[1b3973c]"></a>USART_GetFlagStatus</STRONG> (Thumb, 14 bytes, Stack size 0 bytes, stm32f10x_usart.o(i.USART_GetFlagStatus))
<BR><BR>[Called By]<UL><LI><a href="#[1b3982c]">&gt;&gt;</a>&nbsp;&nbsp;&nbsp;fputc
</UL>

<P><STRONG><a name="[1b3ad08]"></a>USART_Init</STRONG> (Thumb, 176 bytes, Stack size 0 bytes, stm32f10x_usart.o(i.USART_Init))
<BR><BR>[Calls]<UL><LI><a href="#[1b38b84]">&gt;&gt;</a>&nbsp;&nbsp;&nbsp;RCC_GetClocksFreq
</UL>
<BR>[Called By]<UL><LI><a href="#[1b3b794]">&gt;&gt;</a>&nbsp;&nbsp;&nbsp;UART1_Configuration
</UL>

<P><STRONG><a name="[1b39700]"></a>USART_SendData</STRONG> (Thumb, 8 bytes, Stack size 0 bytes, stm32f10x_usart.o(i.USART_SendData))
<BR><BR>[Called By]<UL><LI><a href="#[1b3982c]">&gt;&gt;</a>&nbsp;&nbsp;&nbsp;fputc
</UL>

<P><STRONG><a name="[1b39fac]"></a>UsageFault_Handler</STRONG> (Thumb, 2 bytes, Stack size 0 bytes, stm32f10x_it.o(i.UsageFault_Handler))
<BR><BR>[Calls]<UL><LI><a href="#[1b39fac]">&gt;&gt;</a>&nbsp;&nbsp;&nbsp;UsageFault_Handler
</UL>
<BR>[Called By]<UL><LI><a href="#[1b39fac]">&gt;&gt;</a>&nbsp;&nbsp;&nbsp;UsageFault_Handler
</UL>
<BR>[Address Reference Count : 1]<UL><LI> startup_stm32f10x_xl.o(RESET)
</UL>
<P><STRONG><a name="[1b93984]"></a>__0printf$1</STRONG> (Thumb, 22 bytes, Stack size 0 bytes, printf1.o(i.__0printf$1), UNUSED)
<BR><BR>[Calls]<UL><LI><a href="#[1b93aec]">&gt;&gt;</a>&nbsp;&nbsp;&nbsp;_printf_core
</UL>

<P><STRONG><a name="[1b9390c]"></a>__2printf</STRONG> (Thumb, 0 bytes, Stack size 0 bytes, printf1.o(i.__0printf$1))
<BR><BR>[Called By]<UL><LI><a href="#[1b3b53c]">&gt;&gt;</a>&nbsp;&nbsp;&nbsp;turnaround
<LI><a href="#[1b3b62c]">&gt;&gt;</a>&nbsp;&nbsp;&nbsp;main
</UL>

<P><STRONG><a name="[1b3aba0]"></a>_eLeft</STRONG> (Thumb, 136 bytes, Stack size 0 bytes, _dsp_config.o(i._eLeft))
<BR><BR>[Calls]<UL><LI><a href="#[1b3ad80]">&gt;&gt;</a>&nbsp;&nbsp;&nbsp;TIM_TimeBaseInit
<LI><a href="#[1b3adf8]">&gt;&gt;</a>&nbsp;&nbsp;&nbsp;TIM_OC2Init
<LI><a href="#[1b3aee8]">&gt;&gt;</a>&nbsp;&nbsp;&nbsp;TIM_Cmd
<LI><a href="#[1b3b35c]">&gt;&gt;</a>&nbsp;&nbsp;&nbsp;GPIO_WriteBit
</UL>
<BR>[Called By]<UL><LI><a href="#[1b3b53c]">&gt;&gt;</a>&nbsp;&nbsp;&nbsp;turnaround
</UL>

<P><STRONG><a name="[1b3ab64]"></a>_eRight</STRONG> (Thumb, 136 bytes, Stack size 0 bytes, _dsp_config.o(i._eRight))
<BR><BR>[Calls]<UL><LI><a href="#[1b3ad80]">&gt;&gt;</a>&nbsp;&nbsp;&nbsp;TIM_TimeBaseInit
<LI><a href="#[1b3ae70]">&gt;&gt;</a>&nbsp;&nbsp;&nbsp;TIM_OC1Init
<LI><a href="#[1b3aee8]">&gt;&gt;</a>&nbsp;&nbsp;&nbsp;TIM_Cmd
<LI><a href="#[1b3b35c]">&gt;&gt;</a>&nbsp;&nbsp;&nbsp;GPIO_WriteBit
</UL>
<BR>[Called By]<UL><LI><a href="#[1b3b53c]">&gt;&gt;</a>&nbsp;&nbsp;&nbsp;turnaround
</UL>

<P><STRONG><a name="[1b3b71c]"></a>eTurnleft</STRONG> (Thumb, 10 bytes, Stack size 0 bytes, main.o(i.eTurnleft))
<BR><BR>[Calls]<UL><LI><a href="#[1b3b53c]">&gt;&gt;</a>&nbsp;&nbsp;&nbsp;turnaround
</UL>
<BR>[Called By]<UL><LI><a href="#[1b3b62c]">&gt;&gt;</a>&nbsp;&nbsp;&nbsp;main
</UL>

<P><STRONG><a name="[1b3b6e0]"></a>eTurnover</STRONG> (Thumb, 10 bytes, Stack size 0 bytes, main.o(i.eTurnover))
<BR><BR>[Calls]<UL><LI><a href="#[1b3b53c]">&gt;&gt;</a>&nbsp;&nbsp;&nbsp;turnaround
</UL>
<BR>[Called By]<UL><LI><a href="#[1b3b62c]">&gt;&gt;</a>&nbsp;&nbsp;&nbsp;main
</UL>

<P><STRONG><a name="[1b3b6a4]"></a>eTurnright</STRONG> (Thumb, 8 bytes, Stack size 0 bytes, main.o(i.eTurnright))
<BR><BR>[Calls]<UL><LI><a href="#[1b3b53c]">&gt;&gt;</a>&nbsp;&nbsp;&nbsp;turnaround
</UL>
<BR>[Called By]<UL><LI><a href="#[1b3b62c]">&gt;&gt;</a>&nbsp;&nbsp;&nbsp;main
</UL>

<P><STRONG><a name="[1b3982c]"></a>fputc</STRONG> (Thumb, 30 bytes, Stack size 0 bytes, _mc_config.o(i.fputc))
<BR><BR>[Calls]<UL><LI><a href="#[1b39700]">&gt;&gt;</a>&nbsp;&nbsp;&nbsp;USART_SendData
<LI><a href="#[1b3973c]">&gt;&gt;</a>&nbsp;&nbsp;&nbsp;USART_GetFlagStatus
</UL>
<BR>[Address Reference Count : 1]<UL><LI> printf1.o(i.__0printf$1)
</UL>
<P><STRONG><a name="[1b3aa74]"></a>graphic_lcd_config</STRONG> (Thumb, 342 bytes, Stack size 0 bytes, _glcd_config.o(i.graphic_lcd_config))
<BR><BR>[Calls]<UL><LI><a href="#[1b39a0c]">&gt;&gt;</a>&nbsp;&nbsp;&nbsp;lcd_print_string
<LI><a href="#[1b39a48]">&gt;&gt;</a>&nbsp;&nbsp;&nbsp;lcd_initial
<LI><a href="#[1b3a9fc]">&gt;&gt;</a>&nbsp;&nbsp;&nbsp;lcd_gotoxy
<LI><a href="#[1b3aa38]">&gt;&gt;</a>&nbsp;&nbsp;&nbsp;lcd_clear_screen
<LI><a href="#[1b3b26c]">&gt;&gt;</a>&nbsp;&nbsp;&nbsp;RCC_APB2PeriphClockCmd
<LI><a href="#[1b3b35c]">&gt;&gt;</a>&nbsp;&nbsp;&nbsp;GPIO_WriteBit
<LI><a href="#[1b3b410]">&gt;&gt;</a>&nbsp;&nbsp;&nbsp;GPIO_Init
</UL>
<BR>[Called By]<UL><LI><a href="#[1b3b62c]">&gt;&gt;</a>&nbsp;&nbsp;&nbsp;main
</UL>

<P><STRONG><a name="[1b3aa38]"></a>lcd_clear_screen</STRONG> (Thumb, 34 bytes, Stack size 0 bytes, _glcd_config.o(i.lcd_clear_screen))
<BR><BR>[Calls]<UL><LI><a href="#[1b39958]">&gt;&gt;</a>&nbsp;&nbsp;&nbsp;lcd_write_data
<LI><a href="#[1b39994]">&gt;&gt;</a>&nbsp;&nbsp;&nbsp;lcd_write_command
</UL>
<BR>[Called By]<UL><LI><a href="#[1b3aa74]">&gt;&gt;</a>&nbsp;&nbsp;&nbsp;graphic_lcd_config
<LI><a href="#[1b3b62c]">&gt;&gt;</a>&nbsp;&nbsp;&nbsp;main
</UL>

<P><STRONG><a name="[1b3a9fc]"></a>lcd_gotoxy</STRONG> (Thumb, 24 bytes, Stack size 0 bytes, _glcd_config.o(i.lcd_gotoxy))
<BR><BR>[Calls]<UL><LI><a href="#[1b39994]">&gt;&gt;</a>&nbsp;&nbsp;&nbsp;lcd_write_command
</UL>
<BR>[Called By]<UL><LI><a href="#[1b3aa74]">&gt;&gt;</a>&nbsp;&nbsp;&nbsp;graphic_lcd_config
</UL>

<P><STRONG><a name="[1b39a48]"></a>lcd_initial</STRONG> (Thumb, 68 bytes, Stack size 0 bytes, _glcd_config.o(i.lcd_initial))
<BR><BR>[Calls]<UL><LI><a href="#[1b39994]">&gt;&gt;</a>&nbsp;&nbsp;&nbsp;lcd_write_command
<LI><a href="#[1b3b35c]">&gt;&gt;</a>&nbsp;&nbsp;&nbsp;GPIO_WriteBit
</UL>
<BR>[Called By]<UL><LI><a href="#[1b3aa74]">&gt;&gt;</a>&nbsp;&nbsp;&nbsp;graphic_lcd_config
</UL>

<P><STRONG><a name="[1b39a0c]"></a>lcd_print_string</STRONG> (Thumb, 26 bytes, Stack size 0 bytes, _glcd_config.o(i.lcd_print_string))
<BR><BR>[Calls]<UL><LI><a href="#[1b3a9c0]">&gt;&gt;</a>&nbsp;&nbsp;&nbsp;lcd_put_char
</UL>
<BR>[Called By]<UL><LI><a href="#[1b3aa74]">&gt;&gt;</a>&nbsp;&nbsp;&nbsp;graphic_lcd_config
</UL>

<P><STRONG><a name="[1b3a9c0]"></a>lcd_put_char</STRONG> (Thumb, 38 bytes, Stack size 0 bytes, _glcd_config.o(i.lcd_put_char))
<BR><BR>[Calls]<UL><LI><a href="#[1b39958]">&gt;&gt;</a>&nbsp;&nbsp;&nbsp;lcd_write_data
</UL>
<BR>[Called By]<UL><LI><a href="#[1b39a0c]">&gt;&gt;</a>&nbsp;&nbsp;&nbsp;lcd_print_string
</UL>

<P><STRONG><a name="[1b39994]"></a>lcd_write_command</STRONG> (Thumb, 26 bytes, Stack size 0 bytes, _glcd_config.o(i.lcd_write_command))
<BR><BR>[Calls]<UL><LI><a href="#[1b39a84]">&gt;&gt;</a>&nbsp;&nbsp;&nbsp;SPI_Send_Byte
<LI><a href="#[1b3b35c]">&gt;&gt;</a>&nbsp;&nbsp;&nbsp;GPIO_WriteBit
</UL>
<BR>[Called By]<UL><LI><a href="#[1b39a48]">&gt;&gt;</a>&nbsp;&nbsp;&nbsp;lcd_initial
<LI><a href="#[1b3a9fc]">&gt;&gt;</a>&nbsp;&nbsp;&nbsp;lcd_gotoxy
<LI><a href="#[1b3aa38]">&gt;&gt;</a>&nbsp;&nbsp;&nbsp;lcd_clear_screen
</UL>

<P><STRONG><a name="[1b39958]"></a>lcd_write_data</STRONG> (Thumb, 24 bytes, Stack size 0 bytes, _glcd_config.o(i.lcd_write_data))
<BR><BR>[Calls]<UL><LI><a href="#[1b39a84]">&gt;&gt;</a>&nbsp;&nbsp;&nbsp;SPI_Send_Byte
<LI><a href="#[1b3b35c]">&gt;&gt;</a>&nbsp;&nbsp;&nbsp;GPIO_WriteBit
</UL>
<BR>[Called By]<UL><LI><a href="#[1b3a9c0]">&gt;&gt;</a>&nbsp;&nbsp;&nbsp;lcd_put_char
<LI><a href="#[1b3aa38]">&gt;&gt;</a>&nbsp;&nbsp;&nbsp;lcd_clear_screen
</UL>

<P><STRONG><a name="[1b3b62c]"></a>main</STRONG> (Thumb, 248 bytes, Stack size 0 bytes, main.o(i.main))
<BR><BR>[Calls]<UL><LI><a href="#[1b3aa38]">&gt;&gt;</a>&nbsp;&nbsp;&nbsp;lcd_clear_screen
<LI><a href="#[1b3aa74]">&gt;&gt;</a>&nbsp;&nbsp;&nbsp;graphic_lcd_config
<LI><a href="#[1b3aeac]">&gt;&gt;</a>&nbsp;&nbsp;&nbsp;TIM_Configuration
<LI><a href="#[1b3b320]">&gt;&gt;</a>&nbsp;&nbsp;&nbsp;NVIC_Configuration
<LI><a href="#[1b3b35c]">&gt;&gt;</a>&nbsp;&nbsp;&nbsp;GPIO_WriteBit
<LI><a href="#[1b3b398]">&gt;&gt;</a>&nbsp;&nbsp;&nbsp;GPIO_ReadInputDataBit
<LI><a href="#[1b3b5f0]">&gt;&gt;</a>&nbsp;&nbsp;&nbsp;run
<LI><a href="#[1b3b6a4]">&gt;&gt;</a>&nbsp;&nbsp;&nbsp;eTurnright
<LI><a href="#[1b3b6e0]">&gt;&gt;</a>&nbsp;&nbsp;&nbsp;eTurnover
<LI><a href="#[1b3b71c]">&gt;&gt;</a>&nbsp;&nbsp;&nbsp;eTurnleft
<LI><a href="#[1b3b794]">&gt;&gt;</a>&nbsp;&nbsp;&nbsp;UART1_Configuration
<LI><a href="#[1b3b8c0]">&gt;&gt;</a>&nbsp;&nbsp;&nbsp;Read_Sensor
<LI><a href="#[1b3b8fc]">&gt;&gt;</a>&nbsp;&nbsp;&nbsp;RCC_Configuration
<LI><a href="#[1b3b974]">&gt;&gt;</a>&nbsp;&nbsp;&nbsp;GPIO_Configuration
<LI><a href="#[1b3b9ec]">&gt;&gt;</a>&nbsp;&nbsp;&nbsp;Delay
<LI><a href="#[1b9390c]">&gt;&gt;</a>&nbsp;&nbsp;&nbsp;__2printf
</UL>
<BR>[Address Reference Count : 1]<UL><LI> entry7.o(.ARM.Collect$$$$00000007)
</UL>
<P><STRONG><a name="[1b3b5f0]"></a>run</STRONG> (Thumb, 12 bytes, Stack size 0 bytes, main.o(i.run))
<BR><BR>[Called By]<UL><LI><a href="#[1b3b62c]">&gt;&gt;</a>&nbsp;&nbsp;&nbsp;main
</UL>

<P><STRONG><a name="[1b3b53c]"></a>turnaround</STRONG> (Thumb, 372 bytes, Stack size 0 bytes, main.o(i.turnaround))
<BR><BR>[Calls]<UL><LI><a href="#[1b3ab64]">&gt;&gt;</a>&nbsp;&nbsp;&nbsp;_eRight
<LI><a href="#[1b3aba0]">&gt;&gt;</a>&nbsp;&nbsp;&nbsp;_eLeft
<LI><a href="#[1b3abdc]">&gt;&gt;</a>&nbsp;&nbsp;&nbsp;__aeabi_i2f
<LI><a href="#[1b3ac18]">&gt;&gt;</a>&nbsp;&nbsp;&nbsp;__aeabi_fmul
<LI><a href="#[1b3ac54]">&gt;&gt;</a>&nbsp;&nbsp;&nbsp;__aeabi_fadd
<LI><a href="#[1b3ac90]">&gt;&gt;</a>&nbsp;&nbsp;&nbsp;__aeabi_f2iz
<LI><a href="#[1b9390c]">&gt;&gt;</a>&nbsp;&nbsp;&nbsp;__2printf
</UL>
<BR>[Called By]<UL><LI><a href="#[1b3b6a4]">&gt;&gt;</a>&nbsp;&nbsp;&nbsp;eTurnright
<LI><a href="#[1b3b6e0]">&gt;&gt;</a>&nbsp;&nbsp;&nbsp;eTurnover
<LI><a href="#[1b3b71c]">&gt;&gt;</a>&nbsp;&nbsp;&nbsp;eTurnleft
</UL>
<P>
<H3>
Local Symbols
</H3>
<P><STRONG><a name="[1b2ed50]"></a>SetSysClockTo72</STRONG> (Thumb, 136 bytes, Stack size 0 bytes, system_stm32f10x.o(i.SetSysClockTo72))
<BR><BR>[Called By]<UL><LI><a href="#[1b2ec9c]">&gt;&gt;</a>&nbsp;&nbsp;&nbsp;SystemInit
</UL>

<P><STRONG><a name="[1b93aec]"></a>_printf_core</STRONG> (Thumb, 336 bytes, Stack size 0 bytes, printf1.o(i._printf_core), UNUSED)
<BR><BR>[Calls]<UL><LI><a href="#[1b8cf94]">&gt;&gt;</a>&nbsp;&nbsp;&nbsp;__aeabi_uidivmod
</UL>
<BR>[Called By]<UL><LI><a href="#[1b93984]">&gt;&gt;</a>&nbsp;&nbsp;&nbsp;__0printf$1
</UL>
<P>
<H3>
Undefined Global Symbols
</H3><HR></body></html>
