<html>
<body>
<pre>
<h1>µVision Build Log</h1>
<h2>Project:</h2>
G:\iNexus\STM32F10x_StdPeriph_Lib_V3.3.0\Project\PROJ010 ComingToAI[i2]\MDK-ARM\Project.uvproj
Project File Date:  11/16/2010

<h2>Output:</h2>
Build target 'STM32F10X_XL'
compiling main.c...
compiling stm32f10x_it.c...
compiling _glcd_config.c...
compiling _mc_config.c...
compiling _dsp_config.c...
compiling stm32f10x_rcc.c...
compiling stm32f10x_gpio.c...
compiling misc.c...
compiling stm32f10x_exti.c...
compiling stm32f10x_spi.c...
compiling stm32f10x_fsmc.c...
compiling stm32f10x_usart.c...
compiling stm32f10x_sdio.c...
compiling stm32f10x_dma.c...
compiling stm32f10x_i2c.c...
compiling stm32f10x_tim.c...
compiling stm32f10x_adc.c...
compiling stm32f10x_flash.c...
compiling core_cm3.c...
compiling system_stm32f10x.c...
assembling startup_stm32f10x_xl.s...
linking...
Program Size: Code=7520 RO-data=812 RW-data=60 ZI-data=1052  
FromELF: creating hex file...
".\STM32F10X_XL\STM32F10X_XL.axf" - 0 Error(s), 0 Warning(s).
Build target 'STM32F10X_XL'
linking...
Program Size: Code=7520 RO-data=812 RW-data=60 ZI-data=1052  
FromELF: creating hex file...
".\STM32F10X_XL\STM32F10X_XL.axf" - 0 Error(s), 0 Warning(s).
Build target 'STM32F10X_XL'
compiling main.c...
linking...
Program Size: Code=7512 RO-data=812 RW-data=60 ZI-data=1052  
FromELF: creating hex file...
".\STM32F10X_XL\STM32F10X_XL.axf" - 0 Error(s), 0 Warning(s).
Build target 'STM32F10X_XL'
compiling main.c...
linking...
Program Size: Code=7312 RO-data=812 RW-data=60 ZI-data=1052  
FromELF: creating hex file...
".\STM32F10X_XL\STM32F10X_XL.axf" - 0 Error(s), 0 Warning(s).
Build target 'STM32F10X_XL'
compiling main.c...
linking...
Program Size: Code=7312 RO-data=812 RW-data=60 ZI-data=1052  
FromELF: creating hex file...
".\STM32F10X_XL\STM32F10X_XL.axf" - 0 Error(s), 0 Warning(s).
Build target 'STM32F10X_XL'
compiling main.c...
linking...
Program Size: Code=7312 RO-data=812 RW-data=60 ZI-data=1052  
FromELF: creating hex file...
".\STM32F10X_XL\STM32F10X_XL.axf" - 0 Error(s), 0 Warning(s).
Build target 'STM32F10X_XL'
compiling main.c...
linking...
Program Size: Code=7312 RO-data=812 RW-data=60 ZI-data=1052  
FromELF: creating hex file...
".\STM32F10X_XL\STM32F10X_XL.axf" - 0 Error(s), 0 Warning(s).
Build target 'STM32F10X_XL'
compiling main.c...
linking...
Program Size: Code=7520 RO-data=812 RW-data=60 ZI-data=1052  
FromELF: creating hex file...
".\STM32F10X_XL\STM32F10X_XL.axf" - 0 Error(s), 0 Warning(s).
Build target 'STM32F10X_XL'
compiling main.c...
linking...
Program Size: Code=7292 RO-data=812 RW-data=60 ZI-data=1052  
FromELF: creating hex file...
".\STM32F10X_XL\STM32F10X_XL.axf" - 0 Error(s), 0 Warning(s).
Build target 'STM32F10X_XL'
compiling stm32f10x_it.c...
linking...
Program Size: Code=7296 RO-data=812 RW-data=60 ZI-data=1052  
FromELF: creating hex file...
".\STM32F10X_XL\STM32F10X_XL.axf" - 0 Error(s), 0 Warning(s).
Build target 'STM32F10X_XL'
compiling stm32f10x_it.c...
linking...
Program Size: Code=7296 RO-data=812 RW-data=60 ZI-data=1052  
FromELF: creating hex file...
".\STM32F10X_XL\STM32F10X_XL.axf" - 0 Error(s), 0 Warning(s).
Build target 'STM32F10X_XL'
compiling stm32f10x_it.c...
linking...
Program Size: Code=7296 RO-data=812 RW-data=60 ZI-data=1052  
FromELF: creating hex file...
".\STM32F10X_XL\STM32F10X_XL.axf" - 0 Error(s), 0 Warning(s).
Build target 'STM32F10X_XL'
compiling stm32f10x_it.c...
linking...
Program Size: Code=7296 RO-data=812 RW-data=60 ZI-data=1052  
FromELF: creating hex file...
".\STM32F10X_XL\STM32F10X_XL.axf" - 0 Error(s), 0 Warning(s).
Build target 'STM32F10X_XL'
compiling stm32f10x_it.c...
linking...
Program Size: Code=7296 RO-data=812 RW-data=60 ZI-data=1052  
FromELF: creating hex file...
".\STM32F10X_XL\STM32F10X_XL.axf" - 0 Error(s), 0 Warning(s).
