<!doctype html public "-//w3c//dtd html 4.0 transitional//en">
<html><head>
<title>Static Call Graph - [.\STM32F10X_XL\STM32F10X_XL.axf]</title></head>
<body><HR>
<H1>Static Call Graph for image .\STM32F10X_XL\STM32F10X_XL.axf</H1><HR>
<BR><P>#&#060CALLGRAPH&#062# ARM Linker, RVCT4.0 [Build 728]: Last Updated: Fri Dec 03 05:33:44 2010
<BR><P>
<H3>Maximum Stack Usage =          0 bytes + Unknown(Cycles, Untraceable Function Pointers)</H3><H3>
Call chain for Maximum Stack Depth:</H3>

<P>
<H3>
Mutually Recursive functions
</H3> <LI><a href="#[8902b4]">ADC3_IRQHandler</a>&nbsp;&nbsp;&nbsp;&rArr;&nbsp;&nbsp;&nbsp;<a href="#[8902b4]">ADC3_IRQHandler</a><BR>
 <LI><a href="#[89c140]">BusFault_Handler</a>&nbsp;&nbsp;&nbsp;&rArr;&nbsp;&nbsp;&nbsp;<a href="#[89c140]">BusFault_Handler</a><BR>
 <LI><a href="#[89c050]">HardFault_Handler</a>&nbsp;&nbsp;&nbsp;&rArr;&nbsp;&nbsp;&nbsp;<a href="#[89c050]">HardFault_Handler</a><BR>
 <LI><a href="#[89c014]">MemManage_Handler</a>&nbsp;&nbsp;&nbsp;&rArr;&nbsp;&nbsp;&nbsp;<a href="#[89c014]">MemManage_Handler</a><BR>
 <LI><a href="#[89be70]">UsageFault_Handler</a>&nbsp;&nbsp;&nbsp;&rArr;&nbsp;&nbsp;&nbsp;<a href="#[89be70]">UsageFault_Handler</a><BR>
</UL>
<P>
<H3>
Function Pointers
</H3><UL>
 <LI><a href="#[890548]">Reset_Handler</a>
 <LI><a href="#[89bfd8]">NMI_Handler</a>
 <LI><a href="#[89c050]">HardFault_Handler</a>
 <LI><a href="#[89c014]">MemManage_Handler</a>
 <LI><a href="#[89c140]">BusFault_Handler</a>
 <LI><a href="#[89be70]">UsageFault_Handler</a>
 <LI><a href="#[89bf60]">SVC_Handler</a>
 <LI><a href="#[89c104]">DebugMon_Handler</a>
 <LI><a href="#[89bf9c]">PendSV_Handler</a>
 <LI><a href="#[89bf24]">SysTick_Handler</a>
 <LI><a href="#[88f51c]">WWDG_IRQHandler</a>
 <LI><a href="#[88fc60]">PVD_IRQHandler</a>
 <LI><a href="#[88fa80]">TAMPER_IRQHandler</a>
 <LI><a href="#[88fbac]">RTC_IRQHandler</a>
 <LI><a href="#[88fdc8]">FLASH_IRQHandler</a>
 <LI><a href="#[88fc24]">RCC_IRQHandler</a>
 <LI><a href="#[88ff6c]">EXTI0_IRQHandler</a>
 <LI><a href="#[88fef4]">EXTI1_IRQHandler</a>
 <LI><a href="#[89c0c8]">EXTI2_IRQHandler</a>
 <LI><a href="#[89c08c]">EXTI3_IRQHandler</a>
 <LI><a href="#[88fe40]">EXTI4_IRQHandler</a>
 <LI><a href="#[890200]">DMA1_Channel1_IRQHandler</a>
 <LI><a href="#[8901c4]">DMA1_Channel2_IRQHandler</a>
 <LI><a href="#[890188]">DMA1_Channel3_IRQHandler</a>
 <LI><a href="#[89014c]">DMA1_Channel4_IRQHandler</a>
 <LI><a href="#[890110]">DMA1_Channel5_IRQHandler</a>
 <LI><a href="#[8900d4]">DMA1_Channel6_IRQHandler</a>
 <LI><a href="#[890098]">DMA1_Channel7_IRQHandler</a>
 <LI><a href="#[89c17c]">ADC1_2_IRQHandler</a>
 <LI><a href="#[88f594]">USB_HP_CAN1_TX_IRQHandler</a>
 <LI><a href="#[88f558]">USB_LP_CAN1_RX0_IRQHandler</a>
 <LI><a href="#[890278]">CAN1_RX1_IRQHandler</a>
 <LI><a href="#[89023c]">CAN1_SCE_IRQHandler</a>
 <LI><a href="#[88fe04]">EXTI9_5_IRQHandler</a>
 <LI><a href="#[88fa44]">TIM1_BRK_TIM9_IRQHandler</a>
 <LI><a href="#[88f990]">TIM1_UP_TIM10_IRQHandler</a>
 <LI><a href="#[88f9cc]">TIM1_TRG_COM_TIM11_IRQHandler</a>
 <LI><a href="#[88fa08]">TIM1_CC_IRQHandler</a>
 <LI><a href="#[89bee8]">TIM2_IRQHandler</a>
 <LI><a href="#[88f918]">TIM3_IRQHandler</a>
 <LI><a href="#[88f8dc]">TIM4_IRQHandler</a>
 <LI><a href="#[88fd14]">I2C1_EV_IRQHandler</a>
 <LI><a href="#[88fd50]">I2C1_ER_IRQHandler</a>
 <LI><a href="#[88fc9c]">I2C2_EV_IRQHandler</a>
 <LI><a href="#[88fcd8]">I2C2_ER_IRQHandler</a>
 <LI><a href="#[88fb34]">SPI1_IRQHandler</a>
 <LI><a href="#[88faf8]">SPI2_IRQHandler</a>
 <LI><a href="#[88f684]">USART1_IRQHandler</a>
 <LI><a href="#[88f648]">USART2_IRQHandler</a>
 <LI><a href="#[88f60c]">USART3_IRQHandler</a>
 <LI><a href="#[88ff30]">EXTI15_10_IRQHandler</a>
 <LI><a href="#[88fbe8]">RTCAlarm_IRQHandler</a>
 <LI><a href="#[88f5d0]">USBWakeUp_IRQHandler</a>
 <LI><a href="#[88f7ec]">TIM8_BRK_TIM12_IRQHandler</a>
 <LI><a href="#[88f738]">TIM8_UP_TIM13_IRQHandler</a>
 <LI><a href="#[88f774]">TIM8_TRG_COM_TIM14_IRQHandler</a>
 <LI><a href="#[88f7b0]">TIM8_CC_IRQHandler</a>
 <LI><a href="#[8902b4]">ADC3_IRQHandler</a>
 <LI><a href="#[88fd8c]">FSMC_IRQHandler</a>
 <LI><a href="#[88fb70]">SDIO_IRQHandler</a>
 <LI><a href="#[88f8a0]">TIM5_IRQHandler</a>
 <LI><a href="#[88fabc]">SPI3_IRQHandler</a>
 <LI><a href="#[88f6fc]">UART4_IRQHandler</a>
 <LI><a href="#[88f6c0]">UART5_IRQHandler</a>
 <LI><a href="#[89beac]">TIM6_IRQHandler</a>
 <LI><a href="#[88f828]">TIM7_IRQHandler</a>
 <LI><a href="#[89005c]">DMA2_Channel1_IRQHandler</a>
 <LI><a href="#[890020]">DMA2_Channel2_IRQHandler</a>
 <LI><a href="#[88ffe4]">DMA2_Channel3_IRQHandler</a>
 <LI><a href="#[88ffa8]">DMA2_Channel4_5_IRQHandler</a>
 <LI><a href="#[89d34c]">main</a>
 <LI><a href="#[890854]">SystemInit</a>
 <LI><a href="#[88f3f0]">__main</a>
 <LI><a href="#[89b7a4]">fputc</a>
</UL>
<P>
<H3>
Global Symbols
</H3>
<P><STRONG><a name="[88f3f0]"></a>__main</STRONG> (Thumb, 0 bytes, Stack size 0 bytes, entry.o(.ARM.Collect$$$$00000000))
<BR>[Address Reference Count : 1]<UL><LI> startup_stm32f10x_xl.o(.text)
</UL>
<P><STRONG><a name="[310b0ec]"></a>_main_scatterload</STRONG> (Thumb, 0 bytes, Stack size 0 bytes, entry5.o(.ARM.Collect$$$$00000004))
<BR><BR>[Calls]<UL><LI><a href="#[310a7c8]">&gt;&gt;</a>&nbsp;&nbsp;&nbsp;__scatterload
</UL>

<P><STRONG><a name="[310b0b0]"></a>__main_after_scatterload</STRONG> (Thumb, 0 bytes, Stack size 0 bytes, entry5.o(.ARM.Collect$$$$00000004))
<BR><BR>[Called By]<UL><LI><a href="#[310a7c8]">&gt;&gt;</a>&nbsp;&nbsp;&nbsp;__scatterload
</UL>

<P><STRONG><a name="[890548]"></a>Reset_Handler</STRONG> (Thumb, 8 bytes, Stack size 0 bytes, startup_stm32f10x_xl.o(.text))
<BR>[Address Reference Count : 1]<UL><LI> startup_stm32f10x_xl.o(RESET)
</UL>
<P><STRONG><a name="[8902b4]"></a>ADC3_IRQHandler</STRONG> (Thumb, 0 bytes, Stack size 0 bytes, startup_stm32f10x_xl.o(.text))
<BR><BR>[Calls]<UL><LI><a href="#[8902b4]">&gt;&gt;</a>&nbsp;&nbsp;&nbsp;ADC3_IRQHandler
</UL>
<BR>[Called By]<UL><LI><a href="#[8902b4]">&gt;&gt;</a>&nbsp;&nbsp;&nbsp;ADC3_IRQHandler
</UL>
<BR>[Address Reference Count : 1]<UL><LI> startup_stm32f10x_xl.o(RESET)
</UL>
<P><STRONG><a name="[890278]"></a>CAN1_RX1_IRQHandler</STRONG> (Thumb, 0 bytes, Stack size 0 bytes, startup_stm32f10x_xl.o(.text))
<BR>[Address Reference Count : 1]<UL><LI> startup_stm32f10x_xl.o(RESET)
</UL>
<P><STRONG><a name="[89023c]"></a>CAN1_SCE_IRQHandler</STRONG> (Thumb, 0 bytes, Stack size 0 bytes, startup_stm32f10x_xl.o(.text))
<BR>[Address Reference Count : 1]<UL><LI> startup_stm32f10x_xl.o(RESET)
</UL>
<P><STRONG><a name="[890200]"></a>DMA1_Channel1_IRQHandler</STRONG> (Thumb, 0 bytes, Stack size 0 bytes, startup_stm32f10x_xl.o(.text))
<BR>[Address Reference Count : 1]<UL><LI> startup_stm32f10x_xl.o(RESET)
</UL>
<P><STRONG><a name="[8901c4]"></a>DMA1_Channel2_IRQHandler</STRONG> (Thumb, 0 bytes, Stack size 0 bytes, startup_stm32f10x_xl.o(.text))
<BR>[Address Reference Count : 1]<UL><LI> startup_stm32f10x_xl.o(RESET)
</UL>
<P><STRONG><a name="[890188]"></a>DMA1_Channel3_IRQHandler</STRONG> (Thumb, 0 bytes, Stack size 0 bytes, startup_stm32f10x_xl.o(.text))
<BR>[Address Reference Count : 1]<UL><LI> startup_stm32f10x_xl.o(RESET)
</UL>
<P><STRONG><a name="[89014c]"></a>DMA1_Channel4_IRQHandler</STRONG> (Thumb, 0 bytes, Stack size 0 bytes, startup_stm32f10x_xl.o(.text))
<BR>[Address Reference Count : 1]<UL><LI> startup_stm32f10x_xl.o(RESET)
</UL>
<P><STRONG><a name="[890110]"></a>DMA1_Channel5_IRQHandler</STRONG> (Thumb, 0 bytes, Stack size 0 bytes, startup_stm32f10x_xl.o(.text))
<BR>[Address Reference Count : 1]<UL><LI> startup_stm32f10x_xl.o(RESET)
</UL>
<P><STRONG><a name="[8900d4]"></a>DMA1_Channel6_IRQHandler</STRONG> (Thumb, 0 bytes, Stack size 0 bytes, startup_stm32f10x_xl.o(.text))
<BR>[Address Reference Count : 1]<UL><LI> startup_stm32f10x_xl.o(RESET)
</UL>
<P><STRONG><a name="[890098]"></a>DMA1_Channel7_IRQHandler</STRONG> (Thumb, 0 bytes, Stack size 0 bytes, startup_stm32f10x_xl.o(.text))
<BR>[Address Reference Count : 1]<UL><LI> startup_stm32f10x_xl.o(RESET)
</UL>
<P><STRONG><a name="[89005c]"></a>DMA2_Channel1_IRQHandler</STRONG> (Thumb, 0 bytes, Stack size 0 bytes, startup_stm32f10x_xl.o(.text))
<BR>[Address Reference Count : 1]<UL><LI> startup_stm32f10x_xl.o(RESET)
</UL>
<P><STRONG><a name="[890020]"></a>DMA2_Channel2_IRQHandler</STRONG> (Thumb, 0 bytes, Stack size 0 bytes, startup_stm32f10x_xl.o(.text))
<BR>[Address Reference Count : 1]<UL><LI> startup_stm32f10x_xl.o(RESET)
</UL>
<P><STRONG><a name="[88ffe4]"></a>DMA2_Channel3_IRQHandler</STRONG> (Thumb, 0 bytes, Stack size 0 bytes, startup_stm32f10x_xl.o(.text))
<BR>[Address Reference Count : 1]<UL><LI> startup_stm32f10x_xl.o(RESET)
</UL>
<P><STRONG><a name="[88ffa8]"></a>DMA2_Channel4_5_IRQHandler</STRONG> (Thumb, 0 bytes, Stack size 0 bytes, startup_stm32f10x_xl.o(.text))
<BR>[Address Reference Count : 1]<UL><LI> startup_stm32f10x_xl.o(RESET)
</UL>
<P><STRONG><a name="[88ff6c]"></a>EXTI0_IRQHandler</STRONG> (Thumb, 0 bytes, Stack size 0 bytes, startup_stm32f10x_xl.o(.text))
<BR>[Address Reference Count : 1]<UL><LI> startup_stm32f10x_xl.o(RESET)
</UL>
<P><STRONG><a name="[88ff30]"></a>EXTI15_10_IRQHandler</STRONG> (Thumb, 0 bytes, Stack size 0 bytes, startup_stm32f10x_xl.o(.text))
<BR>[Address Reference Count : 1]<UL><LI> startup_stm32f10x_xl.o(RESET)
</UL>
<P><STRONG><a name="[88fef4]"></a>EXTI1_IRQHandler</STRONG> (Thumb, 0 bytes, Stack size 0 bytes, startup_stm32f10x_xl.o(.text))
<BR>[Address Reference Count : 1]<UL><LI> startup_stm32f10x_xl.o(RESET)
</UL>
<P><STRONG><a name="[88fe40]"></a>EXTI4_IRQHandler</STRONG> (Thumb, 0 bytes, Stack size 0 bytes, startup_stm32f10x_xl.o(.text))
<BR>[Address Reference Count : 1]<UL><LI> startup_stm32f10x_xl.o(RESET)
</UL>
<P><STRONG><a name="[88fe04]"></a>EXTI9_5_IRQHandler</STRONG> (Thumb, 0 bytes, Stack size 0 bytes, startup_stm32f10x_xl.o(.text))
<BR>[Address Reference Count : 1]<UL><LI> startup_stm32f10x_xl.o(RESET)
</UL>
<P><STRONG><a name="[88fdc8]"></a>FLASH_IRQHandler</STRONG> (Thumb, 0 bytes, Stack size 0 bytes, startup_stm32f10x_xl.o(.text))
<BR>[Address Reference Count : 1]<UL><LI> startup_stm32f10x_xl.o(RESET)
</UL>
<P><STRONG><a name="[88fd8c]"></a>FSMC_IRQHandler</STRONG> (Thumb, 0 bytes, Stack size 0 bytes, startup_stm32f10x_xl.o(.text))
<BR>[Address Reference Count : 1]<UL><LI> startup_stm32f10x_xl.o(RESET)
</UL>
<P><STRONG><a name="[88fd50]"></a>I2C1_ER_IRQHandler</STRONG> (Thumb, 0 bytes, Stack size 0 bytes, startup_stm32f10x_xl.o(.text))
<BR>[Address Reference Count : 1]<UL><LI> startup_stm32f10x_xl.o(RESET)
</UL>
<P><STRONG><a name="[88fd14]"></a>I2C1_EV_IRQHandler</STRONG> (Thumb, 0 bytes, Stack size 0 bytes, startup_stm32f10x_xl.o(.text))
<BR>[Address Reference Count : 1]<UL><LI> startup_stm32f10x_xl.o(RESET)
</UL>
<P><STRONG><a name="[88fcd8]"></a>I2C2_ER_IRQHandler</STRONG> (Thumb, 0 bytes, Stack size 0 bytes, startup_stm32f10x_xl.o(.text))
<BR>[Address Reference Count : 1]<UL><LI> startup_stm32f10x_xl.o(RESET)
</UL>
<P><STRONG><a name="[88fc9c]"></a>I2C2_EV_IRQHandler</STRONG> (Thumb, 0 bytes, Stack size 0 bytes, startup_stm32f10x_xl.o(.text))
<BR>[Address Reference Count : 1]<UL><LI> startup_stm32f10x_xl.o(RESET)
</UL>
<P><STRONG><a name="[88fc60]"></a>PVD_IRQHandler</STRONG> (Thumb, 0 bytes, Stack size 0 bytes, startup_stm32f10x_xl.o(.text))
<BR>[Address Reference Count : 1]<UL><LI> startup_stm32f10x_xl.o(RESET)
</UL>
<P><STRONG><a name="[88fc24]"></a>RCC_IRQHandler</STRONG> (Thumb, 0 bytes, Stack size 0 bytes, startup_stm32f10x_xl.o(.text))
<BR>[Address Reference Count : 1]<UL><LI> startup_stm32f10x_xl.o(RESET)
</UL>
<P><STRONG><a name="[88fbe8]"></a>RTCAlarm_IRQHandler</STRONG> (Thumb, 0 bytes, Stack size 0 bytes, startup_stm32f10x_xl.o(.text))
<BR>[Address Reference Count : 1]<UL><LI> startup_stm32f10x_xl.o(RESET)
</UL>
<P><STRONG><a name="[88fbac]"></a>RTC_IRQHandler</STRONG> (Thumb, 0 bytes, Stack size 0 bytes, startup_stm32f10x_xl.o(.text))
<BR>[Address Reference Count : 1]<UL><LI> startup_stm32f10x_xl.o(RESET)
</UL>
<P><STRONG><a name="[88fb70]"></a>SDIO_IRQHandler</STRONG> (Thumb, 0 bytes, Stack size 0 bytes, startup_stm32f10x_xl.o(.text))
<BR>[Address Reference Count : 1]<UL><LI> startup_stm32f10x_xl.o(RESET)
</UL>
<P><STRONG><a name="[88fb34]"></a>SPI1_IRQHandler</STRONG> (Thumb, 0 bytes, Stack size 0 bytes, startup_stm32f10x_xl.o(.text))
<BR>[Address Reference Count : 1]<UL><LI> startup_stm32f10x_xl.o(RESET)
</UL>
<P><STRONG><a name="[88faf8]"></a>SPI2_IRQHandler</STRONG> (Thumb, 0 bytes, Stack size 0 bytes, startup_stm32f10x_xl.o(.text))
<BR>[Address Reference Count : 1]<UL><LI> startup_stm32f10x_xl.o(RESET)
</UL>
<P><STRONG><a name="[88fabc]"></a>SPI3_IRQHandler</STRONG> (Thumb, 0 bytes, Stack size 0 bytes, startup_stm32f10x_xl.o(.text))
<BR>[Address Reference Count : 1]<UL><LI> startup_stm32f10x_xl.o(RESET)
</UL>
<P><STRONG><a name="[88fa80]"></a>TAMPER_IRQHandler</STRONG> (Thumb, 0 bytes, Stack size 0 bytes, startup_stm32f10x_xl.o(.text))
<BR>[Address Reference Count : 1]<UL><LI> startup_stm32f10x_xl.o(RESET)
</UL>
<P><STRONG><a name="[88fa44]"></a>TIM1_BRK_TIM9_IRQHandler</STRONG> (Thumb, 0 bytes, Stack size 0 bytes, startup_stm32f10x_xl.o(.text))
<BR>[Address Reference Count : 1]<UL><LI> startup_stm32f10x_xl.o(RESET)
</UL>
<P><STRONG><a name="[88fa08]"></a>TIM1_CC_IRQHandler</STRONG> (Thumb, 0 bytes, Stack size 0 bytes, startup_stm32f10x_xl.o(.text))
<BR>[Address Reference Count : 1]<UL><LI> startup_stm32f10x_xl.o(RESET)
</UL>
<P><STRONG><a name="[88f9cc]"></a>TIM1_TRG_COM_TIM11_IRQHandler</STRONG> (Thumb, 0 bytes, Stack size 0 bytes, startup_stm32f10x_xl.o(.text))
<BR>[Address Reference Count : 1]<UL><LI> startup_stm32f10x_xl.o(RESET)
</UL>
<P><STRONG><a name="[88f990]"></a>TIM1_UP_TIM10_IRQHandler</STRONG> (Thumb, 0 bytes, Stack size 0 bytes, startup_stm32f10x_xl.o(.text))
<BR>[Address Reference Count : 1]<UL><LI> startup_stm32f10x_xl.o(RESET)
</UL>
<P><STRONG><a name="[88f918]"></a>TIM3_IRQHandler</STRONG> (Thumb, 0 bytes, Stack size 0 bytes, startup_stm32f10x_xl.o(.text))
<BR>[Address Reference Count : 1]<UL><LI> startup_stm32f10x_xl.o(RESET)
</UL>
<P><STRONG><a name="[88f8dc]"></a>TIM4_IRQHandler</STRONG> (Thumb, 0 bytes, Stack size 0 bytes, startup_stm32f10x_xl.o(.text))
<BR>[Address Reference Count : 1]<UL><LI> startup_stm32f10x_xl.o(RESET)
</UL>
<P><STRONG><a name="[88f8a0]"></a>TIM5_IRQHandler</STRONG> (Thumb, 0 bytes, Stack size 0 bytes, startup_stm32f10x_xl.o(.text))
<BR>[Address Reference Count : 1]<UL><LI> startup_stm32f10x_xl.o(RESET)
</UL>
<P><STRONG><a name="[88f828]"></a>TIM7_IRQHandler</STRONG> (Thumb, 0 bytes, Stack size 0 bytes, startup_stm32f10x_xl.o(.text))
<BR>[Address Reference Count : 1]<UL><LI> startup_stm32f10x_xl.o(RESET)
</UL>
<P><STRONG><a name="[88f7ec]"></a>TIM8_BRK_TIM12_IRQHandler</STRONG> (Thumb, 0 bytes, Stack size 0 bytes, startup_stm32f10x_xl.o(.text))
<BR>[Address Reference Count : 1]<UL><LI> startup_stm32f10x_xl.o(RESET)
</UL>
<P><STRONG><a name="[88f7b0]"></a>TIM8_CC_IRQHandler</STRONG> (Thumb, 0 bytes, Stack size 0 bytes, startup_stm32f10x_xl.o(.text))
<BR>[Address Reference Count : 1]<UL><LI> startup_stm32f10x_xl.o(RESET)
</UL>
<P><STRONG><a name="[88f774]"></a>TIM8_TRG_COM_TIM14_IRQHandler</STRONG> (Thumb, 0 bytes, Stack size 0 bytes, startup_stm32f10x_xl.o(.text))
<BR>[Address Reference Count : 1]<UL><LI> startup_stm32f10x_xl.o(RESET)
</UL>
<P><STRONG><a name="[88f738]"></a>TIM8_UP_TIM13_IRQHandler</STRONG> (Thumb, 0 bytes, Stack size 0 bytes, startup_stm32f10x_xl.o(.text))
<BR>[Address Reference Count : 1]<UL><LI> startup_stm32f10x_xl.o(RESET)
</UL>
<P><STRONG><a name="[88f6fc]"></a>UART4_IRQHandler</STRONG> (Thumb, 0 bytes, Stack size 0 bytes, startup_stm32f10x_xl.o(.text))
<BR>[Address Reference Count : 1]<UL><LI> startup_stm32f10x_xl.o(RESET)
</UL>
<P><STRONG><a name="[88f6c0]"></a>UART5_IRQHandler</STRONG> (Thumb, 0 bytes, Stack size 0 bytes, startup_stm32f10x_xl.o(.text))
<BR>[Address Reference Count : 1]<UL><LI> startup_stm32f10x_xl.o(RESET)
</UL>
<P><STRONG><a name="[88f684]"></a>USART1_IRQHandler</STRONG> (Thumb, 0 bytes, Stack size 0 bytes, startup_stm32f10x_xl.o(.text))
<BR>[Address Reference Count : 1]<UL><LI> startup_stm32f10x_xl.o(RESET)
</UL>
<P><STRONG><a name="[88f648]"></a>USART2_IRQHandler</STRONG> (Thumb, 0 bytes, Stack size 0 bytes, startup_stm32f10x_xl.o(.text))
<BR>[Address Reference Count : 1]<UL><LI> startup_stm32f10x_xl.o(RESET)
</UL>
<P><STRONG><a name="[88f60c]"></a>USART3_IRQHandler</STRONG> (Thumb, 0 bytes, Stack size 0 bytes, startup_stm32f10x_xl.o(.text))
<BR>[Address Reference Count : 1]<UL><LI> startup_stm32f10x_xl.o(RESET)
</UL>
<P><STRONG><a name="[88f5d0]"></a>USBWakeUp_IRQHandler</STRONG> (Thumb, 0 bytes, Stack size 0 bytes, startup_stm32f10x_xl.o(.text))
<BR>[Address Reference Count : 1]<UL><LI> startup_stm32f10x_xl.o(RESET)
</UL>
<P><STRONG><a name="[88f594]"></a>USB_HP_CAN1_TX_IRQHandler</STRONG> (Thumb, 0 bytes, Stack size 0 bytes, startup_stm32f10x_xl.o(.text))
<BR>[Address Reference Count : 1]<UL><LI> startup_stm32f10x_xl.o(RESET)
</UL>
<P><STRONG><a name="[88f558]"></a>USB_LP_CAN1_RX0_IRQHandler</STRONG> (Thumb, 0 bytes, Stack size 0 bytes, startup_stm32f10x_xl.o(.text))
<BR>[Address Reference Count : 1]<UL><LI> startup_stm32f10x_xl.o(RESET)
</UL>
<P><STRONG><a name="[88f51c]"></a>WWDG_IRQHandler</STRONG> (Thumb, 0 bytes, Stack size 0 bytes, startup_stm32f10x_xl.o(.text))
<BR>[Address Reference Count : 1]<UL><LI> startup_stm32f10x_xl.o(RESET)
</UL>
<P><STRONG><a name="[310ade0]"></a>__aeabi_uidivmod</STRONG> (Thumb, 44 bytes, Stack size 0 bytes, uidiv.o(.text), UNUSED)
<BR><BR>[Called By]<UL><LI><a href="#[31116a4]">&gt;&gt;</a>&nbsp;&nbsp;&nbsp;_printf_core
</UL>

<P><STRONG><a name="[310a7c8]"></a>__scatterload</STRONG> (Thumb, 28 bytes, Stack size 0 bytes, init.o(.text))
<BR><BR>[Calls]<UL><LI><a href="#[310b0b0]">&gt;&gt;</a>&nbsp;&nbsp;&nbsp;__main_after_scatterload
</UL>
<BR>[Called By]<UL><LI><a href="#[310b0ec]">&gt;&gt;</a>&nbsp;&nbsp;&nbsp;_main_scatterload
</UL>

<P><STRONG><a name="[89c17c]"></a>ADC1_2_IRQHandler</STRONG> (Thumb, 140 bytes, Stack size 0 bytes, stm32f10x_it.o(i.ADC1_2_IRQHandler))
<BR><BR>[Calls]<UL><LI><a href="#[89be34]">&gt;&gt;</a>&nbsp;&nbsp;&nbsp;ADC_ClearITPendingBit
</UL>
<BR>[Address Reference Count : 1]<UL><LI> startup_stm32f10x_xl.o(RESET)
</UL>
<P><STRONG><a name="[89d568]"></a>ADC1_Configuration</STRONG> (Thumb, 184 bytes, Stack size 0 bytes, main.o(i.ADC1_Configuration))
<BR><BR>[Calls]<UL><LI><a href="#[89d040]">&gt;&gt;</a>&nbsp;&nbsp;&nbsp;ADC_StartCalibration
<LI><a href="#[89d07c]">&gt;&gt;</a>&nbsp;&nbsp;&nbsp;ADC_SoftwareStartConvCmd
<LI><a href="#[89d0b8]">&gt;&gt;</a>&nbsp;&nbsp;&nbsp;ADC_ResetCalibration
<LI><a href="#[89d0f4]">&gt;&gt;</a>&nbsp;&nbsp;&nbsp;ADC_RegularChannelConfig
<LI><a href="#[89d130]">&gt;&gt;</a>&nbsp;&nbsp;&nbsp;ADC_Init
<LI><a href="#[89d16c]">&gt;&gt;</a>&nbsp;&nbsp;&nbsp;ADC_ITConfig
<LI><a href="#[89d1a8]">&gt;&gt;</a>&nbsp;&nbsp;&nbsp;ADC_GetResetCalibrationStatus
<LI><a href="#[89d1e4]">&gt;&gt;</a>&nbsp;&nbsp;&nbsp;ADC_GetCalibrationStatus
<LI><a href="#[89d220]">&gt;&gt;</a>&nbsp;&nbsp;&nbsp;ADC_DeInit
<LI><a href="#[89d25c]">&gt;&gt;</a>&nbsp;&nbsp;&nbsp;ADC_DMACmd
<LI><a href="#[89d298]">&gt;&gt;</a>&nbsp;&nbsp;&nbsp;ADC_Cmd
</UL>
<BR>[Called By]<UL><LI><a href="#[89d34c]">&gt;&gt;</a>&nbsp;&nbsp;&nbsp;main
</UL>

<P><STRONG><a name="[89be34]"></a>ADC_ClearITPendingBit</STRONG> (Thumb, 8 bytes, Stack size 0 bytes, stm32f10x_adc.o(i.ADC_ClearITPendingBit))
<BR><BR>[Called By]<UL><LI><a href="#[89c17c]">&gt;&gt;</a>&nbsp;&nbsp;&nbsp;ADC1_2_IRQHandler
</UL>

<P><STRONG><a name="[89d298]"></a>ADC_Cmd</STRONG> (Thumb, 20 bytes, Stack size 0 bytes, stm32f10x_adc.o(i.ADC_Cmd))
<BR><BR>[Called By]<UL><LI><a href="#[89d568]">&gt;&gt;</a>&nbsp;&nbsp;&nbsp;ADC1_Configuration
</UL>

<P><STRONG><a name="[89d25c]"></a>ADC_DMACmd</STRONG> (Thumb, 20 bytes, Stack size 0 bytes, stm32f10x_adc.o(i.ADC_DMACmd))
<BR><BR>[Called By]<UL><LI><a href="#[89d568]">&gt;&gt;</a>&nbsp;&nbsp;&nbsp;ADC1_Configuration
</UL>

<P><STRONG><a name="[89d220]"></a>ADC_DeInit</STRONG> (Thumb, 56 bytes, Stack size 0 bytes, stm32f10x_adc.o(i.ADC_DeInit))
<BR><BR>[Calls]<UL><LI><a href="#[89a4a8]">&gt;&gt;</a>&nbsp;&nbsp;&nbsp;RCC_APB2PeriphResetCmd
</UL>
<BR>[Called By]<UL><LI><a href="#[89d52c]">&gt;&gt;</a>&nbsp;&nbsp;&nbsp;DMA1_Configuration
<LI><a href="#[89d568]">&gt;&gt;</a>&nbsp;&nbsp;&nbsp;ADC1_Configuration
</UL>

<P><STRONG><a name="[89d1e4]"></a>ADC_GetCalibrationStatus</STRONG> (Thumb, 14 bytes, Stack size 0 bytes, stm32f10x_adc.o(i.ADC_GetCalibrationStatus))
<BR><BR>[Called By]<UL><LI><a href="#[89d568]">&gt;&gt;</a>&nbsp;&nbsp;&nbsp;ADC1_Configuration
</UL>

<P><STRONG><a name="[89d1a8]"></a>ADC_GetResetCalibrationStatus</STRONG> (Thumb, 14 bytes, Stack size 0 bytes, stm32f10x_adc.o(i.ADC_GetResetCalibrationStatus))
<BR><BR>[Called By]<UL><LI><a href="#[89d568]">&gt;&gt;</a>&nbsp;&nbsp;&nbsp;ADC1_Configuration
</UL>

<P><STRONG><a name="[89d16c]"></a>ADC_ITConfig</STRONG> (Thumb, 18 bytes, Stack size 0 bytes, stm32f10x_adc.o(i.ADC_ITConfig))
<BR><BR>[Called By]<UL><LI><a href="#[89d568]">&gt;&gt;</a>&nbsp;&nbsp;&nbsp;ADC1_Configuration
</UL>

<P><STRONG><a name="[89d130]"></a>ADC_Init</STRONG> (Thumb, 62 bytes, Stack size 0 bytes, stm32f10x_adc.o(i.ADC_Init))
<BR><BR>[Called By]<UL><LI><a href="#[89d568]">&gt;&gt;</a>&nbsp;&nbsp;&nbsp;ADC1_Configuration
</UL>

<P><STRONG><a name="[89d0f4]"></a>ADC_RegularChannelConfig</STRONG> (Thumb, 116 bytes, Stack size 0 bytes, stm32f10x_adc.o(i.ADC_RegularChannelConfig))
<BR><BR>[Called By]<UL><LI><a href="#[89d568]">&gt;&gt;</a>&nbsp;&nbsp;&nbsp;ADC1_Configuration
</UL>

<P><STRONG><a name="[89d0b8]"></a>ADC_ResetCalibration</STRONG> (Thumb, 10 bytes, Stack size 0 bytes, stm32f10x_adc.o(i.ADC_ResetCalibration))
<BR><BR>[Called By]<UL><LI><a href="#[89d568]">&gt;&gt;</a>&nbsp;&nbsp;&nbsp;ADC1_Configuration
</UL>

<P><STRONG><a name="[89d07c]"></a>ADC_SoftwareStartConvCmd</STRONG> (Thumb, 20 bytes, Stack size 0 bytes, stm32f10x_adc.o(i.ADC_SoftwareStartConvCmd))
<BR><BR>[Called By]<UL><LI><a href="#[89d568]">&gt;&gt;</a>&nbsp;&nbsp;&nbsp;ADC1_Configuration
</UL>

<P><STRONG><a name="[89d040]"></a>ADC_StartCalibration</STRONG> (Thumb, 10 bytes, Stack size 0 bytes, stm32f10x_adc.o(i.ADC_StartCalibration))
<BR><BR>[Called By]<UL><LI><a href="#[89d568]">&gt;&gt;</a>&nbsp;&nbsp;&nbsp;ADC1_Configuration
</UL>

<P><STRONG><a name="[89c140]"></a>BusFault_Handler</STRONG> (Thumb, 2 bytes, Stack size 0 bytes, stm32f10x_it.o(i.BusFault_Handler))
<BR><BR>[Calls]<UL><LI><a href="#[89c140]">&gt;&gt;</a>&nbsp;&nbsp;&nbsp;BusFault_Handler
</UL>
<BR>[Called By]<UL><LI><a href="#[89c140]">&gt;&gt;</a>&nbsp;&nbsp;&nbsp;BusFault_Handler
</UL>
<BR>[Address Reference Count : 1]<UL><LI> startup_stm32f10x_xl.o(RESET)
</UL>
<P><STRONG><a name="[89d52c]"></a>DMA1_Configuration</STRONG> (Thumb, 94 bytes, Stack size 0 bytes, main.o(i.DMA1_Configuration))
<BR><BR>[Calls]<UL><LI><a href="#[89cf50]">&gt;&gt;</a>&nbsp;&nbsp;&nbsp;DMA_StructInit
<LI><a href="#[89cf8c]">&gt;&gt;</a>&nbsp;&nbsp;&nbsp;DMA_Init
<LI><a href="#[89cfc8]">&gt;&gt;</a>&nbsp;&nbsp;&nbsp;DMA_DeInit
<LI><a href="#[89d004]">&gt;&gt;</a>&nbsp;&nbsp;&nbsp;DMA_Cmd
<LI><a href="#[89d220]">&gt;&gt;</a>&nbsp;&nbsp;&nbsp;ADC_DeInit
</UL>
<BR>[Called By]<UL><LI><a href="#[89d34c]">&gt;&gt;</a>&nbsp;&nbsp;&nbsp;main
</UL>

<P><STRONG><a name="[89d004]"></a>DMA_Cmd</STRONG> (Thumb, 20 bytes, Stack size 0 bytes, stm32f10x_dma.o(i.DMA_Cmd))
<BR><BR>[Called By]<UL><LI><a href="#[89d52c]">&gt;&gt;</a>&nbsp;&nbsp;&nbsp;DMA1_Configuration
</UL>

<P><STRONG><a name="[89cfc8]"></a>DMA_DeInit</STRONG> (Thumb, 226 bytes, Stack size 0 bytes, stm32f10x_dma.o(i.DMA_DeInit))
<BR><BR>[Called By]<UL><LI><a href="#[89d52c]">&gt;&gt;</a>&nbsp;&nbsp;&nbsp;DMA1_Configuration
</UL>

<P><STRONG><a name="[89cf8c]"></a>DMA_Init</STRONG> (Thumb, 58 bytes, Stack size 0 bytes, stm32f10x_dma.o(i.DMA_Init))
<BR><BR>[Called By]<UL><LI><a href="#[89d52c]">&gt;&gt;</a>&nbsp;&nbsp;&nbsp;DMA1_Configuration
</UL>

<P><STRONG><a name="[89cf50]"></a>DMA_StructInit</STRONG> (Thumb, 26 bytes, Stack size 0 bytes, stm32f10x_dma.o(i.DMA_StructInit))
<BR><BR>[Called By]<UL><LI><a href="#[89d52c]">&gt;&gt;</a>&nbsp;&nbsp;&nbsp;DMA1_Configuration
</UL>

<P><STRONG><a name="[89c104]"></a>DebugMon_Handler</STRONG> (Thumb, 2 bytes, Stack size 0 bytes, stm32f10x_it.o(i.DebugMon_Handler))
<BR>[Address Reference Count : 1]<UL><LI> startup_stm32f10x_xl.o(RESET)
</UL>
<P><STRONG><a name="[89d4f0]"></a>Delay</STRONG> (Thumb, 12 bytes, Stack size 0 bytes, main.o(i.Delay))
<BR><BR>[Called By]<UL><LI><a href="#[89c848]">&gt;&gt;</a>&nbsp;&nbsp;&nbsp;TrackingRight
<LI><a href="#[89c884]">&gt;&gt;</a>&nbsp;&nbsp;&nbsp;TrackingLeft
<LI><a href="#[89ccf8]">&gt;&gt;</a>&nbsp;&nbsp;&nbsp;MoveToBox
<LI><a href="#[89cf14]">&gt;&gt;</a>&nbsp;&nbsp;&nbsp;DropBox
<LI><a href="#[89d34c]">&gt;&gt;</a>&nbsp;&nbsp;&nbsp;main
</UL>

<P><STRONG><a name="[89cf14]"></a>DropBox</STRONG> (Thumb, 36 bytes, Stack size 0 bytes, _dsp_config.o(i.DropBox))
<BR><BR>[Calls]<UL><LI><a href="#[89afe8]">&gt;&gt;</a>&nbsp;&nbsp;&nbsp;TIM_Cmd
<LI><a href="#[89b114]">&gt;&gt;</a>&nbsp;&nbsp;&nbsp;Servo3_Drive
<LI><a href="#[89b18c]">&gt;&gt;</a>&nbsp;&nbsp;&nbsp;Servo1_Drive
<LI><a href="#[89d4f0]">&gt;&gt;</a>&nbsp;&nbsp;&nbsp;Delay
</UL>
<BR>[Called By]<UL><LI><a href="#[89d34c]">&gt;&gt;</a>&nbsp;&nbsp;&nbsp;main
</UL>

<P><STRONG><a name="[89c0c8]"></a>EXTI2_IRQHandler</STRONG> (Thumb, 2 bytes, Stack size 0 bytes, stm32f10x_it.o(i.EXTI2_IRQHandler))
<BR>[Address Reference Count : 1]<UL><LI> startup_stm32f10x_xl.o(RESET)
</UL>
<P><STRONG><a name="[89c08c]"></a>EXTI3_IRQHandler</STRONG> (Thumb, 2 bytes, Stack size 0 bytes, stm32f10x_it.o(i.EXTI3_IRQHandler))
<BR>[Address Reference Count : 1]<UL><LI> startup_stm32f10x_xl.o(RESET)
</UL>
<P><STRONG><a name="[89ced8]"></a>EXTI_Init</STRONG> (Thumb, 128 bytes, Stack size 0 bytes, stm32f10x_exti.o(i.EXTI_Init))
<BR><BR>[Called By]<UL><LI><a href="#[89d4b4]">&gt;&gt;</a>&nbsp;&nbsp;&nbsp;GPIO_Configuration
</UL>

<P><STRONG><a name="[89ce9c]"></a>FLASH_PrefetchBufferCmd</STRONG> (Thumb, 18 bytes, Stack size 0 bytes, stm32f10x_flash.o(i.FLASH_PrefetchBufferCmd))
<BR><BR>[Called By]<UL><LI><a href="#[89d478]">&gt;&gt;</a>&nbsp;&nbsp;&nbsp;RCC_Configuration
</UL>

<P><STRONG><a name="[89ce60]"></a>FLASH_SetLatency</STRONG> (Thumb, 14 bytes, Stack size 0 bytes, stm32f10x_flash.o(i.FLASH_SetLatency))
<BR><BR>[Called By]<UL><LI><a href="#[89d478]">&gt;&gt;</a>&nbsp;&nbsp;&nbsp;RCC_Configuration
</UL>

<P><STRONG><a name="[89d4b4]"></a>GPIO_Configuration</STRONG> (Thumb, 514 bytes, Stack size 0 bytes, main.o(i.GPIO_Configuration))
<BR><BR>[Calls]<UL><LI><a href="#[89cd34]">&gt;&gt;</a>&nbsp;&nbsp;&nbsp;GPIO_WriteBit
<LI><a href="#[89cdac]">&gt;&gt;</a>&nbsp;&nbsp;&nbsp;GPIO_PinRemapConfig
<LI><a href="#[89cde8]">&gt;&gt;</a>&nbsp;&nbsp;&nbsp;GPIO_Init
<LI><a href="#[89ce24]">&gt;&gt;</a>&nbsp;&nbsp;&nbsp;GPIO_EXTILineConfig
<LI><a href="#[89ced8]">&gt;&gt;</a>&nbsp;&nbsp;&nbsp;EXTI_Init
</UL>
<BR>[Called By]<UL><LI><a href="#[89d34c]">&gt;&gt;</a>&nbsp;&nbsp;&nbsp;main
</UL>

<P><STRONG><a name="[89ce24]"></a>GPIO_EXTILineConfig</STRONG> (Thumb, 34 bytes, Stack size 0 bytes, stm32f10x_gpio.o(i.GPIO_EXTILineConfig))
<BR><BR>[Called By]<UL><LI><a href="#[89d4b4]">&gt;&gt;</a>&nbsp;&nbsp;&nbsp;GPIO_Configuration
</UL>

<P><STRONG><a name="[89cde8]"></a>GPIO_Init</STRONG> (Thumb, 158 bytes, Stack size 0 bytes, stm32f10x_gpio.o(i.GPIO_Init))
<BR><BR>[Called By]<UL><LI><a href="#[89c6a4]">&gt;&gt;</a>&nbsp;&nbsp;&nbsp;graphic_lcd_config
<LI><a href="#[89d4b4]">&gt;&gt;</a>&nbsp;&nbsp;&nbsp;GPIO_Configuration
</UL>

<P><STRONG><a name="[89cdac]"></a>GPIO_PinRemapConfig</STRONG> (Thumb, 82 bytes, Stack size 0 bytes, stm32f10x_gpio.o(i.GPIO_PinRemapConfig))
<BR><BR>[Called By]<UL><LI><a href="#[89d4b4]">&gt;&gt;</a>&nbsp;&nbsp;&nbsp;GPIO_Configuration
</UL>

<P><STRONG><a name="[89cd70]"></a>GPIO_ReadInputDataBit</STRONG> (Thumb, 14 bytes, Stack size 0 bytes, stm32f10x_gpio.o(i.GPIO_ReadInputDataBit))
<BR><BR>[Called By]<UL><LI><a href="#[89d310]">&gt;&gt;</a>&nbsp;&nbsp;&nbsp;measuredSensor
<LI><a href="#[89d34c]">&gt;&gt;</a>&nbsp;&nbsp;&nbsp;main
</UL>

<P><STRONG><a name="[89cd34]"></a>GPIO_WriteBit</STRONG> (Thumb, 10 bytes, Stack size 0 bytes, stm32f10x_gpio.o(i.GPIO_WriteBit))
<BR><BR>[Called By]<UL><LI><a href="#[89b0d8]">&gt;&gt;</a>&nbsp;&nbsp;&nbsp;Set_speed
<LI><a href="#[89b894]">&gt;&gt;</a>&nbsp;&nbsp;&nbsp;lcd_write_data
<LI><a href="#[89b8d0]">&gt;&gt;</a>&nbsp;&nbsp;&nbsp;lcd_write_command
<LI><a href="#[89b984]">&gt;&gt;</a>&nbsp;&nbsp;&nbsp;lcd_initial
<LI><a href="#[89b9fc]">&gt;&gt;</a>&nbsp;&nbsp;&nbsp;SPI_Send_Byte
<LI><a href="#[89c6a4]">&gt;&gt;</a>&nbsp;&nbsp;&nbsp;graphic_lcd_config
<LI><a href="#[89d34c]">&gt;&gt;</a>&nbsp;&nbsp;&nbsp;main
<LI><a href="#[89d4b4]">&gt;&gt;</a>&nbsp;&nbsp;&nbsp;GPIO_Configuration
</UL>

<P><STRONG><a name="[89c050]"></a>HardFault_Handler</STRONG> (Thumb, 2 bytes, Stack size 0 bytes, stm32f10x_it.o(i.HardFault_Handler))
<BR><BR>[Calls]<UL><LI><a href="#[89c050]">&gt;&gt;</a>&nbsp;&nbsp;&nbsp;HardFault_Handler
</UL>
<BR>[Called By]<UL><LI><a href="#[89c050]">&gt;&gt;</a>&nbsp;&nbsp;&nbsp;HardFault_Handler
</UL>
<BR>[Address Reference Count : 1]<UL><LI> startup_stm32f10x_xl.o(RESET)
</UL>
<P><STRONG><a name="[89c014]"></a>MemManage_Handler</STRONG> (Thumb, 2 bytes, Stack size 0 bytes, stm32f10x_it.o(i.MemManage_Handler))
<BR><BR>[Calls]<UL><LI><a href="#[89c014]">&gt;&gt;</a>&nbsp;&nbsp;&nbsp;MemManage_Handler
</UL>
<BR>[Called By]<UL><LI><a href="#[89c014]">&gt;&gt;</a>&nbsp;&nbsp;&nbsp;MemManage_Handler
</UL>
<BR>[Address Reference Count : 1]<UL><LI> startup_stm32f10x_xl.o(RESET)
</UL>
<P><STRONG><a name="[89ccf8]"></a>MoveToBox</STRONG> (Thumb, 74 bytes, Stack size 0 bytes, _dsp_config.o(i.MoveToBox))
<BR><BR>[Calls]<UL><LI><a href="#[89b0d8]">&gt;&gt;</a>&nbsp;&nbsp;&nbsp;Set_speed
<LI><a href="#[89d4f0]">&gt;&gt;</a>&nbsp;&nbsp;&nbsp;Delay
</UL>
<BR>[Called By]<UL><LI><a href="#[89d34c]">&gt;&gt;</a>&nbsp;&nbsp;&nbsp;main
</UL>

<P><STRONG><a name="[89bfd8]"></a>NMI_Handler</STRONG> (Thumb, 2 bytes, Stack size 0 bytes, stm32f10x_it.o(i.NMI_Handler))
<BR>[Address Reference Count : 1]<UL><LI> startup_stm32f10x_xl.o(RESET)
</UL>
<P><STRONG><a name="[89ccbc]"></a>NVIC_Configuration</STRONG> (Thumb, 68 bytes, Stack size 0 bytes, _mc_config.o(i.NVIC_Configuration))
<BR><BR>[Calls]<UL><LI><a href="#[89b72c]">&gt;&gt;</a>&nbsp;&nbsp;&nbsp;NVIC_PriorityGroupConfig
<LI><a href="#[89b768]">&gt;&gt;</a>&nbsp;&nbsp;&nbsp;NVIC_Init
</UL>
<BR>[Called By]<UL><LI><a href="#[89d34c]">&gt;&gt;</a>&nbsp;&nbsp;&nbsp;main
</UL>

<P><STRONG><a name="[89b768]"></a>NVIC_Init</STRONG> (Thumb, 92 bytes, Stack size 0 bytes, misc.o(i.NVIC_Init))
<BR><BR>[Called By]<UL><LI><a href="#[89ccbc]">&gt;&gt;</a>&nbsp;&nbsp;&nbsp;NVIC_Configuration
</UL>

<P><STRONG><a name="[89b72c]"></a>NVIC_PriorityGroupConfig</STRONG> (Thumb, 10 bytes, Stack size 0 bytes, misc.o(i.NVIC_PriorityGroupConfig))
<BR><BR>[Called By]<UL><LI><a href="#[89ccbc]">&gt;&gt;</a>&nbsp;&nbsp;&nbsp;NVIC_Configuration
</UL>

<P><STRONG><a name="[89bf9c]"></a>PendSV_Handler</STRONG> (Thumb, 2 bytes, Stack size 0 bytes, stm32f10x_it.o(i.PendSV_Handler))
<BR>[Address Reference Count : 1]<UL><LI> startup_stm32f10x_xl.o(RESET)
</UL>
<P><STRONG><a name="[89cc80]"></a>RCC_ADCCLKConfig</STRONG> (Thumb, 14 bytes, Stack size 0 bytes, stm32f10x_rcc.o(i.RCC_ADCCLKConfig))
<BR><BR>[Called By]<UL><LI><a href="#[89d478]">&gt;&gt;</a>&nbsp;&nbsp;&nbsp;RCC_Configuration
</UL>

<P><STRONG><a name="[89cc44]"></a>RCC_AHBPeriphClockCmd</STRONG> (Thumb, 18 bytes, Stack size 0 bytes, stm32f10x_rcc.o(i.RCC_AHBPeriphClockCmd))
<BR><BR>[Called By]<UL><LI><a href="#[89d478]">&gt;&gt;</a>&nbsp;&nbsp;&nbsp;RCC_Configuration
</UL>

<P><STRONG><a name="[89cc08]"></a>RCC_APB1PeriphClockCmd</STRONG> (Thumb, 18 bytes, Stack size 0 bytes, stm32f10x_rcc.o(i.RCC_APB1PeriphClockCmd))
<BR><BR>[Called By]<UL><LI><a href="#[89d478]">&gt;&gt;</a>&nbsp;&nbsp;&nbsp;RCC_Configuration
</UL>

<P><STRONG><a name="[89cbcc]"></a>RCC_APB2PeriphClockCmd</STRONG> (Thumb, 18 bytes, Stack size 0 bytes, stm32f10x_rcc.o(i.RCC_APB2PeriphClockCmd))
<BR><BR>[Called By]<UL><LI><a href="#[89c6a4]">&gt;&gt;</a>&nbsp;&nbsp;&nbsp;graphic_lcd_config
<LI><a href="#[89d478]">&gt;&gt;</a>&nbsp;&nbsp;&nbsp;RCC_Configuration
</UL>

<P><STRONG><a name="[89a4a8]"></a>RCC_APB2PeriphResetCmd</STRONG> (Thumb, 18 bytes, Stack size 0 bytes, stm32f10x_rcc.o(i.RCC_APB2PeriphResetCmd))
<BR><BR>[Called By]<UL><LI><a href="#[89d220]">&gt;&gt;</a>&nbsp;&nbsp;&nbsp;ADC_DeInit
</UL>

<P><STRONG><a name="[89d478]"></a>RCC_Configuration</STRONG> (Thumb, 192 bytes, Stack size 0 bytes, main.o(i.RCC_Configuration))
<BR><BR>[Calls]<UL><LI><a href="#[89c938]">&gt;&gt;</a>&nbsp;&nbsp;&nbsp;RCC_WaitForHSEStartUp
<LI><a href="#[89c974]">&gt;&gt;</a>&nbsp;&nbsp;&nbsp;RCC_SYSCLKConfig
<LI><a href="#[89c9b0]">&gt;&gt;</a>&nbsp;&nbsp;&nbsp;RCC_PLLConfig
<LI><a href="#[89c9ec]">&gt;&gt;</a>&nbsp;&nbsp;&nbsp;RCC_PLLCmd
<LI><a href="#[89ca28]">&gt;&gt;</a>&nbsp;&nbsp;&nbsp;RCC_PCLK2Config
<LI><a href="#[89ca64]">&gt;&gt;</a>&nbsp;&nbsp;&nbsp;RCC_PCLK1Config
<LI><a href="#[89caa0]">&gt;&gt;</a>&nbsp;&nbsp;&nbsp;RCC_HSEConfig
<LI><a href="#[89cadc]">&gt;&gt;</a>&nbsp;&nbsp;&nbsp;RCC_HCLKConfig
<LI><a href="#[89cb18]">&gt;&gt;</a>&nbsp;&nbsp;&nbsp;RCC_GetSYSCLKSource
<LI><a href="#[89cb54]">&gt;&gt;</a>&nbsp;&nbsp;&nbsp;RCC_GetFlagStatus
<LI><a href="#[89cb90]">&gt;&gt;</a>&nbsp;&nbsp;&nbsp;RCC_DeInit
<LI><a href="#[89cbcc]">&gt;&gt;</a>&nbsp;&nbsp;&nbsp;RCC_APB2PeriphClockCmd
<LI><a href="#[89cc08]">&gt;&gt;</a>&nbsp;&nbsp;&nbsp;RCC_APB1PeriphClockCmd
<LI><a href="#[89cc44]">&gt;&gt;</a>&nbsp;&nbsp;&nbsp;RCC_AHBPeriphClockCmd
<LI><a href="#[89cc80]">&gt;&gt;</a>&nbsp;&nbsp;&nbsp;RCC_ADCCLKConfig
<LI><a href="#[89ce60]">&gt;&gt;</a>&nbsp;&nbsp;&nbsp;FLASH_SetLatency
<LI><a href="#[89ce9c]">&gt;&gt;</a>&nbsp;&nbsp;&nbsp;FLASH_PrefetchBufferCmd
</UL>
<BR>[Called By]<UL><LI><a href="#[89d34c]">&gt;&gt;</a>&nbsp;&nbsp;&nbsp;main
</UL>

<P><STRONG><a name="[89cb90]"></a>RCC_DeInit</STRONG> (Thumb, 50 bytes, Stack size 0 bytes, stm32f10x_rcc.o(i.RCC_DeInit))
<BR><BR>[Called By]<UL><LI><a href="#[89d478]">&gt;&gt;</a>&nbsp;&nbsp;&nbsp;RCC_Configuration
</UL>

<P><STRONG><a name="[89a340]"></a>RCC_GetClocksFreq</STRONG> (Thumb, 132 bytes, Stack size 0 bytes, stm32f10x_rcc.o(i.RCC_GetClocksFreq))
<BR><BR>[Called By]<UL><LI><a href="#[89c7d0]">&gt;&gt;</a>&nbsp;&nbsp;&nbsp;USART_Init
</UL>

<P><STRONG><a name="[89cb54]"></a>RCC_GetFlagStatus</STRONG> (Thumb, 42 bytes, Stack size 0 bytes, stm32f10x_rcc.o(i.RCC_GetFlagStatus))
<BR><BR>[Called By]<UL><LI><a href="#[89c938]">&gt;&gt;</a>&nbsp;&nbsp;&nbsp;RCC_WaitForHSEStartUp
<LI><a href="#[89d478]">&gt;&gt;</a>&nbsp;&nbsp;&nbsp;RCC_Configuration
</UL>

<P><STRONG><a name="[89cb18]"></a>RCC_GetSYSCLKSource</STRONG> (Thumb, 10 bytes, Stack size 0 bytes, stm32f10x_rcc.o(i.RCC_GetSYSCLKSource))
<BR><BR>[Called By]<UL><LI><a href="#[89d478]">&gt;&gt;</a>&nbsp;&nbsp;&nbsp;RCC_Configuration
</UL>

<P><STRONG><a name="[89cadc]"></a>RCC_HCLKConfig</STRONG> (Thumb, 14 bytes, Stack size 0 bytes, stm32f10x_rcc.o(i.RCC_HCLKConfig))
<BR><BR>[Called By]<UL><LI><a href="#[89d478]">&gt;&gt;</a>&nbsp;&nbsp;&nbsp;RCC_Configuration
</UL>

<P><STRONG><a name="[89caa0]"></a>RCC_HSEConfig</STRONG> (Thumb, 48 bytes, Stack size 0 bytes, stm32f10x_rcc.o(i.RCC_HSEConfig))
<BR><BR>[Called By]<UL><LI><a href="#[89d478]">&gt;&gt;</a>&nbsp;&nbsp;&nbsp;RCC_Configuration
</UL>

<P><STRONG><a name="[89ca64]"></a>RCC_PCLK1Config</STRONG> (Thumb, 14 bytes, Stack size 0 bytes, stm32f10x_rcc.o(i.RCC_PCLK1Config))
<BR><BR>[Called By]<UL><LI><a href="#[89d478]">&gt;&gt;</a>&nbsp;&nbsp;&nbsp;RCC_Configuration
</UL>

<P><STRONG><a name="[89ca28]"></a>RCC_PCLK2Config</STRONG> (Thumb, 16 bytes, Stack size 0 bytes, stm32f10x_rcc.o(i.RCC_PCLK2Config))
<BR><BR>[Called By]<UL><LI><a href="#[89d478]">&gt;&gt;</a>&nbsp;&nbsp;&nbsp;RCC_Configuration
</UL>

<P><STRONG><a name="[89c9ec]"></a>RCC_PLLCmd</STRONG> (Thumb, 6 bytes, Stack size 0 bytes, stm32f10x_rcc.o(i.RCC_PLLCmd))
<BR><BR>[Called By]<UL><LI><a href="#[89d478]">&gt;&gt;</a>&nbsp;&nbsp;&nbsp;RCC_Configuration
</UL>

<P><STRONG><a name="[89c9b0]"></a>RCC_PLLConfig</STRONG> (Thumb, 16 bytes, Stack size 0 bytes, stm32f10x_rcc.o(i.RCC_PLLConfig))
<BR><BR>[Called By]<UL><LI><a href="#[89d478]">&gt;&gt;</a>&nbsp;&nbsp;&nbsp;RCC_Configuration
</UL>

<P><STRONG><a name="[89c974]"></a>RCC_SYSCLKConfig</STRONG> (Thumb, 14 bytes, Stack size 0 bytes, stm32f10x_rcc.o(i.RCC_SYSCLKConfig))
<BR><BR>[Called By]<UL><LI><a href="#[89d478]">&gt;&gt;</a>&nbsp;&nbsp;&nbsp;RCC_Configuration
</UL>

<P><STRONG><a name="[89c938]"></a>RCC_WaitForHSEStartUp</STRONG> (Thumb, 38 bytes, Stack size 0 bytes, stm32f10x_rcc.o(i.RCC_WaitForHSEStartUp))
<BR><BR>[Calls]<UL><LI><a href="#[89cb54]">&gt;&gt;</a>&nbsp;&nbsp;&nbsp;RCC_GetFlagStatus
</UL>
<BR>[Called By]<UL><LI><a href="#[89d478]">&gt;&gt;</a>&nbsp;&nbsp;&nbsp;RCC_Configuration
</UL>

<P><STRONG><a name="[89b9fc]"></a>SPI_Send_Byte</STRONG> (Thumb, 90 bytes, Stack size 0 bytes, _glcd_config.o(i.SPI_Send_Byte))
<BR><BR>[Calls]<UL><LI><a href="#[89cd34]">&gt;&gt;</a>&nbsp;&nbsp;&nbsp;GPIO_WriteBit
</UL>
<BR>[Called By]<UL><LI><a href="#[89b894]">&gt;&gt;</a>&nbsp;&nbsp;&nbsp;lcd_write_data
<LI><a href="#[89b8d0]">&gt;&gt;</a>&nbsp;&nbsp;&nbsp;lcd_write_command
</UL>

<P><STRONG><a name="[89bf60]"></a>SVC_Handler</STRONG> (Thumb, 2 bytes, Stack size 0 bytes, stm32f10x_it.o(i.SVC_Handler))
<BR>[Address Reference Count : 1]<UL><LI> startup_stm32f10x_xl.o(RESET)
</UL>
<P><STRONG><a name="[89b18c]"></a>Servo1_Drive</STRONG> (Thumb, 14 bytes, Stack size 0 bytes, _dsp_config.o(i.Servo1_Drive))
<BR><BR>[Calls]<UL><LI><a href="#[89aef8]">&gt;&gt;</a>&nbsp;&nbsp;&nbsp;TIM_OC2Init
</UL>
<BR>[Called By]<UL><LI><a href="#[89cf14]">&gt;&gt;</a>&nbsp;&nbsp;&nbsp;DropBox
</UL>

<P><STRONG><a name="[89b114]"></a>Servo3_Drive</STRONG> (Thumb, 14 bytes, Stack size 0 bytes, _dsp_config.o(i.Servo3_Drive))
<BR><BR>[Calls]<UL><LI><a href="#[89ae08]">&gt;&gt;</a>&nbsp;&nbsp;&nbsp;TIM_OC4Init
</UL>
<BR>[Called By]<UL><LI><a href="#[89cf14]">&gt;&gt;</a>&nbsp;&nbsp;&nbsp;DropBox
</UL>

<P><STRONG><a name="[89b0d8]"></a>Set_speed</STRONG> (Thumb, 218 bytes, Stack size 0 bytes, _dsp_config.o(i.Set_speed))
<BR><BR>[Calls]<UL><LI><a href="#[89aebc]">&gt;&gt;</a>&nbsp;&nbsp;&nbsp;TIM_OC2PreloadConfig
<LI><a href="#[89aef8]">&gt;&gt;</a>&nbsp;&nbsp;&nbsp;TIM_OC2Init
<LI><a href="#[89af34]">&gt;&gt;</a>&nbsp;&nbsp;&nbsp;TIM_OC1PreloadConfig
<LI><a href="#[89af70]">&gt;&gt;</a>&nbsp;&nbsp;&nbsp;TIM_OC1Init
<LI><a href="#[89afe8]">&gt;&gt;</a>&nbsp;&nbsp;&nbsp;TIM_Cmd
<LI><a href="#[89b024]">&gt;&gt;</a>&nbsp;&nbsp;&nbsp;TIM_ARRPreloadConfig
<LI><a href="#[89cd34]">&gt;&gt;</a>&nbsp;&nbsp;&nbsp;GPIO_WriteBit
</UL>
<BR>[Called By]<UL><LI><a href="#[89c848]">&gt;&gt;</a>&nbsp;&nbsp;&nbsp;TrackingRight
<LI><a href="#[89c884]">&gt;&gt;</a>&nbsp;&nbsp;&nbsp;TrackingLeft
<LI><a href="#[89ccf8]">&gt;&gt;</a>&nbsp;&nbsp;&nbsp;MoveToBox
</UL>

<P><STRONG><a name="[89bf24]"></a>SysTick_Handler</STRONG> (Thumb, 4 bytes, Stack size 0 bytes, stm32f10x_it.o(i.SysTick_Handler))
<BR><BR>[Calls]<UL><LI><a href="#[89d3c4]">&gt;&gt;</a>&nbsp;&nbsp;&nbsp;TimingDelay_Decrement
</UL>
<BR>[Address Reference Count : 1]<UL><LI> startup_stm32f10x_xl.o(RESET)
</UL>
<P><STRONG><a name="[890854]"></a>SystemInit</STRONG> (Thumb, 52 bytes, Stack size 0 bytes, system_stm32f10x.o(i.SystemInit))
<BR><BR>[Calls]<UL><LI><a href="#[890908]">&gt;&gt;</a>&nbsp;&nbsp;&nbsp;SetSysClockTo72
</UL>
<BR>[Address Reference Count : 1]<UL><LI> startup_stm32f10x_xl.o(.text)
</UL>
<P><STRONG><a name="[89bee8]"></a>TIM2_IRQHandler</STRONG> (Thumb, 2 bytes, Stack size 0 bytes, stm32f10x_it.o(i.TIM2_IRQHandler))
<BR>[Address Reference Count : 1]<UL><LI> startup_stm32f10x_xl.o(RESET)
</UL>
<P><STRONG><a name="[89beac]"></a>TIM6_IRQHandler</STRONG> (Thumb, 30 bytes, Stack size 0 bytes, stm32f10x_it.o(i.TIM6_IRQHandler))
<BR><BR>[Calls]<UL><LI><a href="#[89bdbc]">&gt;&gt;</a>&nbsp;&nbsp;&nbsp;TIM_GetITStatus
<LI><a href="#[89bdf8]">&gt;&gt;</a>&nbsp;&nbsp;&nbsp;TIM_ClearITPendingBit
</UL>
<BR>[Address Reference Count : 1]<UL><LI> startup_stm32f10x_xl.o(RESET)
</UL>
<P><STRONG><a name="[89b024]"></a>TIM_ARRPreloadConfig</STRONG> (Thumb, 20 bytes, Stack size 0 bytes, stm32f10x_tim.o(i.TIM_ARRPreloadConfig))
<BR><BR>[Called By]<UL><LI><a href="#[89b0d8]">&gt;&gt;</a>&nbsp;&nbsp;&nbsp;Set_speed
<LI><a href="#[89c8c0]">&gt;&gt;</a>&nbsp;&nbsp;&nbsp;TIM_Configuration
</UL>

<P><STRONG><a name="[89bdf8]"></a>TIM_ClearITPendingBit</STRONG> (Thumb, 6 bytes, Stack size 0 bytes, stm32f10x_tim.o(i.TIM_ClearITPendingBit))
<BR><BR>[Called By]<UL><LI><a href="#[89beac]">&gt;&gt;</a>&nbsp;&nbsp;&nbsp;TIM6_IRQHandler
</UL>

<P><STRONG><a name="[89afe8]"></a>TIM_Cmd</STRONG> (Thumb, 20 bytes, Stack size 0 bytes, stm32f10x_tim.o(i.TIM_Cmd))
<BR><BR>[Called By]<UL><LI><a href="#[89b0d8]">&gt;&gt;</a>&nbsp;&nbsp;&nbsp;Set_speed
<LI><a href="#[89c8c0]">&gt;&gt;</a>&nbsp;&nbsp;&nbsp;TIM_Configuration
<LI><a href="#[89cf14]">&gt;&gt;</a>&nbsp;&nbsp;&nbsp;DropBox
</UL>

<P><STRONG><a name="[89c8c0]"></a>TIM_Configuration</STRONG> (Thumb, 196 bytes, Stack size 0 bytes, _dsp_config.o(i.TIM_Configuration))
<BR><BR>[Calls]<UL><LI><a href="#[89ad90]">&gt;&gt;</a>&nbsp;&nbsp;&nbsp;TIM_TimeBaseInit
<LI><a href="#[89adcc]">&gt;&gt;</a>&nbsp;&nbsp;&nbsp;TIM_OC4PreloadConfig
<LI><a href="#[89ae08]">&gt;&gt;</a>&nbsp;&nbsp;&nbsp;TIM_OC4Init
<LI><a href="#[89ae44]">&gt;&gt;</a>&nbsp;&nbsp;&nbsp;TIM_OC3PreloadConfig
<LI><a href="#[89ae80]">&gt;&gt;</a>&nbsp;&nbsp;&nbsp;TIM_OC3Init
<LI><a href="#[89aebc]">&gt;&gt;</a>&nbsp;&nbsp;&nbsp;TIM_OC2PreloadConfig
<LI><a href="#[89aef8]">&gt;&gt;</a>&nbsp;&nbsp;&nbsp;TIM_OC2Init
<LI><a href="#[89afac]">&gt;&gt;</a>&nbsp;&nbsp;&nbsp;TIM_ITConfig
<LI><a href="#[89afe8]">&gt;&gt;</a>&nbsp;&nbsp;&nbsp;TIM_Cmd
<LI><a href="#[89b024]">&gt;&gt;</a>&nbsp;&nbsp;&nbsp;TIM_ARRPreloadConfig
</UL>
<BR>[Called By]<UL><LI><a href="#[89d34c]">&gt;&gt;</a>&nbsp;&nbsp;&nbsp;main
</UL>

<P><STRONG><a name="[89bdbc]"></a>TIM_GetITStatus</STRONG> (Thumb, 24 bytes, Stack size 0 bytes, stm32f10x_tim.o(i.TIM_GetITStatus))
<BR><BR>[Called By]<UL><LI><a href="#[89beac]">&gt;&gt;</a>&nbsp;&nbsp;&nbsp;TIM6_IRQHandler
</UL>

<P><STRONG><a name="[89afac]"></a>TIM_ITConfig</STRONG> (Thumb, 16 bytes, Stack size 0 bytes, stm32f10x_tim.o(i.TIM_ITConfig))
<BR><BR>[Called By]<UL><LI><a href="#[89c8c0]">&gt;&gt;</a>&nbsp;&nbsp;&nbsp;TIM_Configuration
</UL>

<P><STRONG><a name="[89af70]"></a>TIM_OC1Init</STRONG> (Thumb, 106 bytes, Stack size 0 bytes, stm32f10x_tim.o(i.TIM_OC1Init))
<BR><BR>[Called By]<UL><LI><a href="#[89b0d8]">&gt;&gt;</a>&nbsp;&nbsp;&nbsp;Set_speed
</UL>

<P><STRONG><a name="[89af34]"></a>TIM_OC1PreloadConfig</STRONG> (Thumb, 12 bytes, Stack size 0 bytes, stm32f10x_tim.o(i.TIM_OC1PreloadConfig))
<BR><BR>[Called By]<UL><LI><a href="#[89b0d8]">&gt;&gt;</a>&nbsp;&nbsp;&nbsp;Set_speed
</UL>

<P><STRONG><a name="[89aef8]"></a>TIM_OC2Init</STRONG> (Thumb, 116 bytes, Stack size 0 bytes, stm32f10x_tim.o(i.TIM_OC2Init))
<BR><BR>[Called By]<UL><LI><a href="#[89b0d8]">&gt;&gt;</a>&nbsp;&nbsp;&nbsp;Set_speed
<LI><a href="#[89b18c]">&gt;&gt;</a>&nbsp;&nbsp;&nbsp;Servo1_Drive
<LI><a href="#[89c8c0]">&gt;&gt;</a>&nbsp;&nbsp;&nbsp;TIM_Configuration
</UL>

<P><STRONG><a name="[89aebc]"></a>TIM_OC2PreloadConfig</STRONG> (Thumb, 14 bytes, Stack size 0 bytes, stm32f10x_tim.o(i.TIM_OC2PreloadConfig))
<BR><BR>[Called By]<UL><LI><a href="#[89b0d8]">&gt;&gt;</a>&nbsp;&nbsp;&nbsp;Set_speed
<LI><a href="#[89c8c0]">&gt;&gt;</a>&nbsp;&nbsp;&nbsp;TIM_Configuration
</UL>

<P><STRONG><a name="[89ae80]"></a>TIM_OC3Init</STRONG> (Thumb, 112 bytes, Stack size 0 bytes, stm32f10x_tim.o(i.TIM_OC3Init))
<BR><BR>[Called By]<UL><LI><a href="#[89c8c0]">&gt;&gt;</a>&nbsp;&nbsp;&nbsp;TIM_Configuration
</UL>

<P><STRONG><a name="[89ae44]"></a>TIM_OC3PreloadConfig</STRONG> (Thumb, 12 bytes, Stack size 0 bytes, stm32f10x_tim.o(i.TIM_OC3PreloadConfig))
<BR><BR>[Called By]<UL><LI><a href="#[89c8c0]">&gt;&gt;</a>&nbsp;&nbsp;&nbsp;TIM_Configuration
</UL>

<P><STRONG><a name="[89ae08]"></a>TIM_OC4Init</STRONG> (Thumb, 86 bytes, Stack size 0 bytes, stm32f10x_tim.o(i.TIM_OC4Init))
<BR><BR>[Called By]<UL><LI><a href="#[89b114]">&gt;&gt;</a>&nbsp;&nbsp;&nbsp;Servo3_Drive
<LI><a href="#[89c8c0]">&gt;&gt;</a>&nbsp;&nbsp;&nbsp;TIM_Configuration
</UL>

<P><STRONG><a name="[89adcc]"></a>TIM_OC4PreloadConfig</STRONG> (Thumb, 14 bytes, Stack size 0 bytes, stm32f10x_tim.o(i.TIM_OC4PreloadConfig))
<BR><BR>[Called By]<UL><LI><a href="#[89c8c0]">&gt;&gt;</a>&nbsp;&nbsp;&nbsp;TIM_Configuration
</UL>

<P><STRONG><a name="[89ad90]"></a>TIM_TimeBaseInit</STRONG> (Thumb, 114 bytes, Stack size 0 bytes, stm32f10x_tim.o(i.TIM_TimeBaseInit))
<BR><BR>[Called By]<UL><LI><a href="#[89c8c0]">&gt;&gt;</a>&nbsp;&nbsp;&nbsp;TIM_Configuration
</UL>

<P><STRONG><a name="[89d3c4]"></a>TimingDelay_Decrement</STRONG> (Thumb, 16 bytes, Stack size 0 bytes, main.o(i.TimingDelay_Decrement))
<BR><BR>[Called By]<UL><LI><a href="#[89bf24]">&gt;&gt;</a>&nbsp;&nbsp;&nbsp;SysTick_Handler
</UL>

<P><STRONG><a name="[89c884]"></a>TrackingLeft</STRONG> (Thumb, 82 bytes, Stack size 0 bytes, _dsp_config.o(i.TrackingLeft))
<BR><BR>[Calls]<UL><LI><a href="#[89b0d8]">&gt;&gt;</a>&nbsp;&nbsp;&nbsp;Set_speed
<LI><a href="#[89d310]">&gt;&gt;</a>&nbsp;&nbsp;&nbsp;measuredSensor
<LI><a href="#[89d4f0]">&gt;&gt;</a>&nbsp;&nbsp;&nbsp;Delay
</UL>
<BR>[Called By]<UL><LI><a href="#[89d34c]">&gt;&gt;</a>&nbsp;&nbsp;&nbsp;main
</UL>

<P><STRONG><a name="[89c848]"></a>TrackingRight</STRONG> (Thumb, 78 bytes, Stack size 0 bytes, _dsp_config.o(i.TrackingRight))
<BR><BR>[Calls]<UL><LI><a href="#[89b0d8]">&gt;&gt;</a>&nbsp;&nbsp;&nbsp;Set_speed
<LI><a href="#[89d310]">&gt;&gt;</a>&nbsp;&nbsp;&nbsp;measuredSensor
<LI><a href="#[89d4f0]">&gt;&gt;</a>&nbsp;&nbsp;&nbsp;Delay
</UL>
<BR>[Called By]<UL><LI><a href="#[89d34c]">&gt;&gt;</a>&nbsp;&nbsp;&nbsp;main
</UL>

<P><STRONG><a name="[89d388]"></a>UART1_Configuration</STRONG> (Thumb, 52 bytes, Stack size 0 bytes, main.o(i.UART1_Configuration))
<BR><BR>[Calls]<UL><LI><a href="#[89c7d0]">&gt;&gt;</a>&nbsp;&nbsp;&nbsp;USART_Init
<LI><a href="#[89c80c]">&gt;&gt;</a>&nbsp;&nbsp;&nbsp;USART_Cmd
</UL>
<BR>[Called By]<UL><LI><a href="#[89d34c]">&gt;&gt;</a>&nbsp;&nbsp;&nbsp;main
</UL>

<P><STRONG><a name="[89c80c]"></a>USART_Cmd</STRONG> (Thumb, 20 bytes, Stack size 0 bytes, stm32f10x_usart.o(i.USART_Cmd))
<BR><BR>[Called By]<UL><LI><a href="#[89d388]">&gt;&gt;</a>&nbsp;&nbsp;&nbsp;UART1_Configuration
</UL>

<P><STRONG><a name="[89b6f0]"></a>USART_GetFlagStatus</STRONG> (Thumb, 14 bytes, Stack size 0 bytes, stm32f10x_usart.o(i.USART_GetFlagStatus))
<BR><BR>[Called By]<UL><LI><a href="#[89b7a4]">&gt;&gt;</a>&nbsp;&nbsp;&nbsp;fputc
</UL>

<P><STRONG><a name="[89c7d0]"></a>USART_Init</STRONG> (Thumb, 176 bytes, Stack size 0 bytes, stm32f10x_usart.o(i.USART_Init))
<BR><BR>[Calls]<UL><LI><a href="#[89a340]">&gt;&gt;</a>&nbsp;&nbsp;&nbsp;RCC_GetClocksFreq
</UL>
<BR>[Called By]<UL><LI><a href="#[89d388]">&gt;&gt;</a>&nbsp;&nbsp;&nbsp;UART1_Configuration
</UL>

<P><STRONG><a name="[89b6b4]"></a>USART_SendData</STRONG> (Thumb, 8 bytes, Stack size 0 bytes, stm32f10x_usart.o(i.USART_SendData))
<BR><BR>[Called By]<UL><LI><a href="#[89b7a4]">&gt;&gt;</a>&nbsp;&nbsp;&nbsp;fputc
</UL>

<P><STRONG><a name="[89be70]"></a>UsageFault_Handler</STRONG> (Thumb, 2 bytes, Stack size 0 bytes, stm32f10x_it.o(i.UsageFault_Handler))
<BR><BR>[Calls]<UL><LI><a href="#[89be70]">&gt;&gt;</a>&nbsp;&nbsp;&nbsp;UsageFault_Handler
</UL>
<BR>[Called By]<UL><LI><a href="#[89be70]">&gt;&gt;</a>&nbsp;&nbsp;&nbsp;UsageFault_Handler
</UL>
<BR>[Address Reference Count : 1]<UL><LI> startup_stm32f10x_xl.o(RESET)
</UL>
<P><STRONG><a name="[311153c]"></a>__0printf$1</STRONG> (Thumb, 22 bytes, Stack size 0 bytes, printf1.o(i.__0printf$1), UNUSED)
<BR><BR>[Calls]<UL><LI><a href="#[31116a4]">&gt;&gt;</a>&nbsp;&nbsp;&nbsp;_printf_core
</UL>

<P><STRONG><a name="[31114c4]"></a>__2printf</STRONG> (Thumb, 0 bytes, Stack size 0 bytes, printf1.o(i.__0printf$1))
<BR><BR>[Called By]<UL><LI><a href="#[89d34c]">&gt;&gt;</a>&nbsp;&nbsp;&nbsp;main
</UL>

<P><STRONG><a name="[89b7a4]"></a>fputc</STRONG> (Thumb, 30 bytes, Stack size 0 bytes, _mc_config.o(i.fputc))
<BR><BR>[Calls]<UL><LI><a href="#[89b6b4]">&gt;&gt;</a>&nbsp;&nbsp;&nbsp;USART_SendData
<LI><a href="#[89b6f0]">&gt;&gt;</a>&nbsp;&nbsp;&nbsp;USART_GetFlagStatus
</UL>
<BR>[Address Reference Count : 1]<UL><LI> printf1.o(i.__0printf$1)
</UL>
<P><STRONG><a name="[89c6a4]"></a>graphic_lcd_config</STRONG> (Thumb, 358 bytes, Stack size 0 bytes, _glcd_config.o(i.graphic_lcd_config))
<BR><BR>[Calls]<UL><LI><a href="#[89b948]">&gt;&gt;</a>&nbsp;&nbsp;&nbsp;lcd_print_string
<LI><a href="#[89b984]">&gt;&gt;</a>&nbsp;&nbsp;&nbsp;lcd_initial
<LI><a href="#[89b9c0]">&gt;&gt;</a>&nbsp;&nbsp;&nbsp;lcd_clear_screen
<LI><a href="#[89c668]">&gt;&gt;</a>&nbsp;&nbsp;&nbsp;lcd_gotoxy
<LI><a href="#[89cbcc]">&gt;&gt;</a>&nbsp;&nbsp;&nbsp;RCC_APB2PeriphClockCmd
<LI><a href="#[89cd34]">&gt;&gt;</a>&nbsp;&nbsp;&nbsp;GPIO_WriteBit
<LI><a href="#[89cde8]">&gt;&gt;</a>&nbsp;&nbsp;&nbsp;GPIO_Init
</UL>
<BR>[Called By]<UL><LI><a href="#[89d34c]">&gt;&gt;</a>&nbsp;&nbsp;&nbsp;main
</UL>

<P><STRONG><a name="[89b9c0]"></a>lcd_clear_screen</STRONG> (Thumb, 34 bytes, Stack size 0 bytes, _glcd_config.o(i.lcd_clear_screen))
<BR><BR>[Calls]<UL><LI><a href="#[89b894]">&gt;&gt;</a>&nbsp;&nbsp;&nbsp;lcd_write_data
<LI><a href="#[89b8d0]">&gt;&gt;</a>&nbsp;&nbsp;&nbsp;lcd_write_command
</UL>
<BR>[Called By]<UL><LI><a href="#[89c6a4]">&gt;&gt;</a>&nbsp;&nbsp;&nbsp;graphic_lcd_config
</UL>

<P><STRONG><a name="[89c668]"></a>lcd_gotoxy</STRONG> (Thumb, 24 bytes, Stack size 0 bytes, _glcd_config.o(i.lcd_gotoxy))
<BR><BR>[Calls]<UL><LI><a href="#[89b8d0]">&gt;&gt;</a>&nbsp;&nbsp;&nbsp;lcd_write_command
</UL>
<BR>[Called By]<UL><LI><a href="#[89c6a4]">&gt;&gt;</a>&nbsp;&nbsp;&nbsp;graphic_lcd_config
</UL>

<P><STRONG><a name="[89b984]"></a>lcd_initial</STRONG> (Thumb, 68 bytes, Stack size 0 bytes, _glcd_config.o(i.lcd_initial))
<BR><BR>[Calls]<UL><LI><a href="#[89b8d0]">&gt;&gt;</a>&nbsp;&nbsp;&nbsp;lcd_write_command
<LI><a href="#[89cd34]">&gt;&gt;</a>&nbsp;&nbsp;&nbsp;GPIO_WriteBit
</UL>
<BR>[Called By]<UL><LI><a href="#[89c6a4]">&gt;&gt;</a>&nbsp;&nbsp;&nbsp;graphic_lcd_config
</UL>

<P><STRONG><a name="[89b948]"></a>lcd_print_string</STRONG> (Thumb, 26 bytes, Stack size 0 bytes, _glcd_config.o(i.lcd_print_string))
<BR><BR>[Calls]<UL><LI><a href="#[89c62c]">&gt;&gt;</a>&nbsp;&nbsp;&nbsp;lcd_put_char
</UL>
<BR>[Called By]<UL><LI><a href="#[89c6a4]">&gt;&gt;</a>&nbsp;&nbsp;&nbsp;graphic_lcd_config
</UL>

<P><STRONG><a name="[89c62c]"></a>lcd_put_char</STRONG> (Thumb, 38 bytes, Stack size 0 bytes, _glcd_config.o(i.lcd_put_char))
<BR><BR>[Calls]<UL><LI><a href="#[89b894]">&gt;&gt;</a>&nbsp;&nbsp;&nbsp;lcd_write_data
</UL>
<BR>[Called By]<UL><LI><a href="#[89b948]">&gt;&gt;</a>&nbsp;&nbsp;&nbsp;lcd_print_string
</UL>

<P><STRONG><a name="[89b8d0]"></a>lcd_write_command</STRONG> (Thumb, 26 bytes, Stack size 0 bytes, _glcd_config.o(i.lcd_write_command))
<BR><BR>[Calls]<UL><LI><a href="#[89b9fc]">&gt;&gt;</a>&nbsp;&nbsp;&nbsp;SPI_Send_Byte
<LI><a href="#[89cd34]">&gt;&gt;</a>&nbsp;&nbsp;&nbsp;GPIO_WriteBit
</UL>
<BR>[Called By]<UL><LI><a href="#[89b984]">&gt;&gt;</a>&nbsp;&nbsp;&nbsp;lcd_initial
<LI><a href="#[89b9c0]">&gt;&gt;</a>&nbsp;&nbsp;&nbsp;lcd_clear_screen
<LI><a href="#[89c668]">&gt;&gt;</a>&nbsp;&nbsp;&nbsp;lcd_gotoxy
</UL>

<P><STRONG><a name="[89b894]"></a>lcd_write_data</STRONG> (Thumb, 24 bytes, Stack size 0 bytes, _glcd_config.o(i.lcd_write_data))
<BR><BR>[Calls]<UL><LI><a href="#[89b9fc]">&gt;&gt;</a>&nbsp;&nbsp;&nbsp;SPI_Send_Byte
<LI><a href="#[89cd34]">&gt;&gt;</a>&nbsp;&nbsp;&nbsp;GPIO_WriteBit
</UL>
<BR>[Called By]<UL><LI><a href="#[89b9c0]">&gt;&gt;</a>&nbsp;&nbsp;&nbsp;lcd_clear_screen
<LI><a href="#[89c62c]">&gt;&gt;</a>&nbsp;&nbsp;&nbsp;lcd_put_char
</UL>

<P><STRONG><a name="[89d34c]"></a>main</STRONG> (Thumb, 384 bytes, Stack size 0 bytes, main.o(i.main))
<BR><BR>[Calls]<UL><LI><a href="#[89c6a4]">&gt;&gt;</a>&nbsp;&nbsp;&nbsp;graphic_lcd_config
<LI><a href="#[89c848]">&gt;&gt;</a>&nbsp;&nbsp;&nbsp;TrackingRight
<LI><a href="#[89c884]">&gt;&gt;</a>&nbsp;&nbsp;&nbsp;TrackingLeft
<LI><a href="#[89c8c0]">&gt;&gt;</a>&nbsp;&nbsp;&nbsp;TIM_Configuration
<LI><a href="#[89ccbc]">&gt;&gt;</a>&nbsp;&nbsp;&nbsp;NVIC_Configuration
<LI><a href="#[89ccf8]">&gt;&gt;</a>&nbsp;&nbsp;&nbsp;MoveToBox
<LI><a href="#[89cd34]">&gt;&gt;</a>&nbsp;&nbsp;&nbsp;GPIO_WriteBit
<LI><a href="#[89cd70]">&gt;&gt;</a>&nbsp;&nbsp;&nbsp;GPIO_ReadInputDataBit
<LI><a href="#[89cf14]">&gt;&gt;</a>&nbsp;&nbsp;&nbsp;DropBox
<LI><a href="#[89d388]">&gt;&gt;</a>&nbsp;&nbsp;&nbsp;UART1_Configuration
<LI><a href="#[89d478]">&gt;&gt;</a>&nbsp;&nbsp;&nbsp;RCC_Configuration
<LI><a href="#[89d4b4]">&gt;&gt;</a>&nbsp;&nbsp;&nbsp;GPIO_Configuration
<LI><a href="#[89d4f0]">&gt;&gt;</a>&nbsp;&nbsp;&nbsp;Delay
<LI><a href="#[89d52c]">&gt;&gt;</a>&nbsp;&nbsp;&nbsp;DMA1_Configuration
<LI><a href="#[89d568]">&gt;&gt;</a>&nbsp;&nbsp;&nbsp;ADC1_Configuration
<LI><a href="#[31114c4]">&gt;&gt;</a>&nbsp;&nbsp;&nbsp;__2printf
</UL>
<BR>[Address Reference Count : 1]<UL><LI> entry7.o(.ARM.Collect$$$$00000007)
</UL>
<P><STRONG><a name="[89d310]"></a>measuredSensor</STRONG> (Thumb, 100 bytes, Stack size 0 bytes, main.o(i.measuredSensor))
<BR><BR>[Calls]<UL><LI><a href="#[89cd70]">&gt;&gt;</a>&nbsp;&nbsp;&nbsp;GPIO_ReadInputDataBit
</UL>
<BR>[Called By]<UL><LI><a href="#[89c848]">&gt;&gt;</a>&nbsp;&nbsp;&nbsp;TrackingRight
<LI><a href="#[89c884]">&gt;&gt;</a>&nbsp;&nbsp;&nbsp;TrackingLeft
</UL>
<P>
<H3>
Local Symbols
</H3>
<P><STRONG><a name="[890908]"></a>SetSysClockTo72</STRONG> (Thumb, 136 bytes, Stack size 0 bytes, system_stm32f10x.o(i.SetSysClockTo72))
<BR><BR>[Called By]<UL><LI><a href="#[890854]">&gt;&gt;</a>&nbsp;&nbsp;&nbsp;SystemInit
</UL>

<P><STRONG><a name="[31116a4]"></a>_printf_core</STRONG> (Thumb, 336 bytes, Stack size 0 bytes, printf1.o(i._printf_core), UNUSED)
<BR><BR>[Calls]<UL><LI><a href="#[310ade0]">&gt;&gt;</a>&nbsp;&nbsp;&nbsp;__aeabi_uidivmod
</UL>
<BR>[Called By]<UL><LI><a href="#[311153c]">&gt;&gt;</a>&nbsp;&nbsp;&nbsp;__0printf$1
</UL>
<P>
<H3>
Undefined Global Symbols
</H3><HR></body></html>
